Archive member included to satisfy reference by file (symbol)

C:/ST/STM32CubeIDE_1.15.1/STM32CubeIDE/plugins/com.st.stm32cube.ide.mcu.externaltools.gnu-tools-for-stm32.12.3.rel1.win32_1.0.100.202403111256/tools/bin/../lib/gcc/arm-none-eabi/12.3.1/../../../../arm-none-eabi/lib/thumb/v7e-m+fp/hard\libc_nano.a(libc_a-exit.o)
                              C:/ST/STM32CubeIDE_1.15.1/STM32CubeIDE/plugins/com.st.stm32cube.ide.mcu.externaltools.gnu-tools-for-stm32.12.3.rel1.win32_1.0.100.202403111256/tools/bin/../lib/gcc/arm-none-eabi/12.3.1/../../../../arm-none-eabi/lib/thumb/v7e-m+fp/hard/crt0.o (exit)
C:/ST/STM32CubeIDE_1.15.1/STM32CubeIDE/plugins/com.st.stm32cube.ide.mcu.externaltools.gnu-tools-for-stm32.12.3.rel1.win32_1.0.100.202403111256/tools/bin/../lib/gcc/arm-none-eabi/12.3.1/../../../../arm-none-eabi/lib/thumb/v7e-m+fp/hard\libc_nano.a(libc_a-findfp.o)
                              C:/ST/STM32CubeIDE_1.15.1/STM32CubeIDE/plugins/com.st.stm32cube.ide.mcu.externaltools.gnu-tools-for-stm32.12.3.rel1.win32_1.0.100.202403111256/tools/bin/../lib/gcc/arm-none-eabi/12.3.1/../../../../arm-none-eabi/lib/thumb/v7e-m+fp/hard\libc_nano.a(libc_a-exit.o) (__stdio_exit_handler)
C:/ST/STM32CubeIDE_1.15.1/STM32CubeIDE/plugins/com.st.stm32cube.ide.mcu.externaltools.gnu-tools-for-stm32.12.3.rel1.win32_1.0.100.202403111256/tools/bin/../lib/gcc/arm-none-eabi/12.3.1/../../../../arm-none-eabi/lib/thumb/v7e-m+fp/hard\libc_nano.a(libc_a-fwalk.o)
                              C:/ST/STM32CubeIDE_1.15.1/STM32CubeIDE/plugins/com.st.stm32cube.ide.mcu.externaltools.gnu-tools-for-stm32.12.3.rel1.win32_1.0.100.202403111256/tools/bin/../lib/gcc/arm-none-eabi/12.3.1/../../../../arm-none-eabi/lib/thumb/v7e-m+fp/hard\libc_nano.a(libc_a-findfp.o) (_fwalk_sglue)
C:/ST/STM32CubeIDE_1.15.1/STM32CubeIDE/plugins/com.st.stm32cube.ide.mcu.externaltools.gnu-tools-for-stm32.12.3.rel1.win32_1.0.100.202403111256/tools/bin/../lib/gcc/arm-none-eabi/12.3.1/../../../../arm-none-eabi/lib/thumb/v7e-m+fp/hard\libc_nano.a(libc_a-snprintf.o)
                              ./Core/Src/main.o (snprintf)
C:/ST/STM32CubeIDE_1.15.1/STM32CubeIDE/plugins/com.st.stm32cube.ide.mcu.externaltools.gnu-tools-for-stm32.12.3.rel1.win32_1.0.100.202403111256/tools/bin/../lib/gcc/arm-none-eabi/12.3.1/../../../../arm-none-eabi/lib/thumb/v7e-m+fp/hard\libc_nano.a(libc_a-stdio.o)
                              C:/ST/STM32CubeIDE_1.15.1/STM32CubeIDE/plugins/com.st.stm32cube.ide.mcu.externaltools.gnu-tools-for-stm32.12.3.rel1.win32_1.0.100.202403111256/tools/bin/../lib/gcc/arm-none-eabi/12.3.1/../../../../arm-none-eabi/lib/thumb/v7e-m+fp/hard\libc_nano.a(libc_a-findfp.o) (__sread)
C:/ST/STM32CubeIDE_1.15.1/STM32CubeIDE/plugins/com.st.stm32cube.ide.mcu.externaltools.gnu-tools-for-stm32.12.3.rel1.win32_1.0.100.202403111256/tools/bin/../lib/gcc/arm-none-eabi/12.3.1/../../../../arm-none-eabi/lib/thumb/v7e-m+fp/hard\libc_nano.a(libc_a-memset.o)
                              C:/ST/STM32CubeIDE_1.15.1/STM32CubeIDE/plugins/com.st.stm32cube.ide.mcu.externaltools.gnu-tools-for-stm32.12.3.rel1.win32_1.0.100.202403111256/tools/bin/../lib/gcc/arm-none-eabi/12.3.1/../../../../arm-none-eabi/lib/thumb/v7e-m+fp/hard/crt0.o (memset)
C:/ST/STM32CubeIDE_1.15.1/STM32CubeIDE/plugins/com.st.stm32cube.ide.mcu.externaltools.gnu-tools-for-stm32.12.3.rel1.win32_1.0.100.202403111256/tools/bin/../lib/gcc/arm-none-eabi/12.3.1/../../../../arm-none-eabi/lib/thumb/v7e-m+fp/hard\libc_nano.a(libc_a-closer.o)
                              C:/ST/STM32CubeIDE_1.15.1/STM32CubeIDE/plugins/com.st.stm32cube.ide.mcu.externaltools.gnu-tools-for-stm32.12.3.rel1.win32_1.0.100.202403111256/tools/bin/../lib/gcc/arm-none-eabi/12.3.1/../../../../arm-none-eabi/lib/thumb/v7e-m+fp/hard\libc_nano.a(libc_a-stdio.o) (_close_r)
C:/ST/STM32CubeIDE_1.15.1/STM32CubeIDE/plugins/com.st.stm32cube.ide.mcu.externaltools.gnu-tools-for-stm32.12.3.rel1.win32_1.0.100.202403111256/tools/bin/../lib/gcc/arm-none-eabi/12.3.1/../../../../arm-none-eabi/lib/thumb/v7e-m+fp/hard\libc_nano.a(libc_a-reent.o)
                              C:/ST/STM32CubeIDE_1.15.1/STM32CubeIDE/plugins/com.st.stm32cube.ide.mcu.externaltools.gnu-tools-for-stm32.12.3.rel1.win32_1.0.100.202403111256/tools/bin/../lib/gcc/arm-none-eabi/12.3.1/../../../../arm-none-eabi/lib/thumb/v7e-m+fp/hard\libc_nano.a(libc_a-closer.o) (errno)
C:/ST/STM32CubeIDE_1.15.1/STM32CubeIDE/plugins/com.st.stm32cube.ide.mcu.externaltools.gnu-tools-for-stm32.12.3.rel1.win32_1.0.100.202403111256/tools/bin/../lib/gcc/arm-none-eabi/12.3.1/../../../../arm-none-eabi/lib/thumb/v7e-m+fp/hard\libc_nano.a(libc_a-impure.o)
                              C:/ST/STM32CubeIDE_1.15.1/STM32CubeIDE/plugins/com.st.stm32cube.ide.mcu.externaltools.gnu-tools-for-stm32.12.3.rel1.win32_1.0.100.202403111256/tools/bin/../lib/gcc/arm-none-eabi/12.3.1/../../../../arm-none-eabi/lib/thumb/v7e-m+fp/hard\libc_nano.a(libc_a-snprintf.o) (_impure_ptr)
[...]
Memory Configuration

Name             Origin             Length             Attributes
RAM              0x20000000         0x00020000         xrw
FLASH            0x08000000         0x00080000         xr
*default*        0x00000000         0xffffffff

Linker script and memory map

LOAD C:/ST/STM32CubeIDE_1.15.1/STM32CubeIDE/plugins/com.st.stm32cube.ide.mcu.externaltools.gnu-tools-for-stm32.12.3.rel1.win32_1.0.100.202403111256/tools/bin/../lib/gcc/arm-none-eabi/12.3.1/thumb/v7e-m+fp/hard/crti.o
LOAD C:/ST/STM32CubeIDE_1.15.1/STM32CubeIDE/plugins/com.st.stm32cube.ide.mcu.externaltools.gnu-tools-for-stm32.12.3.rel1.win32_1.0.100.202403111256/tools/bin/../lib/gcc/arm-none-eabi/12.3.1/thumb/v7e-m+fp/hard/crtbegin.o
LOAD C:/ST/STM32CubeIDE_1.15.1/STM32CubeIDE/plugins/com.st.stm32cube.ide.mcu.externaltools.gnu-tools-for-stm32.12.3.rel1.win32_1.0.100.202403111256/tools/bin/../lib/gcc/arm-none-eabi/12.3.1/../../../../arm-none-eabi/lib/thumb/v7e-m+fp/hard/crt0.o
LOAD ./Core/Src/fonts.o
LOAD ./Core/Src/ili9341.o
LOAD ./Core/Src/ili9341_touch.o
LOAD ./Core/Src/main.o
LOAD ./Core/Src/stm32f4xx_hal_msp.o
LOAD ./Core/Src/stm32f4xx_it.o
LOAD ./Core/Src/syscalls.o
LOAD ./Core/Src/sysmem.o
LOAD ./Core/Src/system_stm32f4xx.o
LOAD ./Core/Startup/startup_stm32f411ceux.o
LOAD ./Drivers/STM32F4xx_HAL_Driver/Src/stm32f4xx_hal.o
LOAD ./Drivers/STM32F4xx_HAL_Driver/Src/stm32f4xx_hal_cortex.o
LOAD ./Drivers/STM32F4xx_HAL_Driver/Src/stm32f4xx_hal_dma.o
LOAD ./Drivers/STM32F4xx_HAL_Driver/Src/stm32f4xx_hal_dma_ex.o
LOAD ./Drivers/STM32F4xx_HAL_Driver/Src/stm32f4xx_hal_exti.o
LOAD ./Drivers/STM32F4xx_HAL_Driver/Src/stm32f4xx_hal_flash.o
LOAD ./Drivers/STM32F4xx_HAL_Driver/Src/stm32f4xx_hal_flash_ex.o
LOAD ./Drivers/STM32F4xx_HAL_Driver/Src/stm32f4xx_hal_flash_ramfunc.o
LOAD ./Drivers/STM32F4xx_HAL_Driver/Src/stm32f4xx_hal_gpio.o
LOAD ./Drivers/STM32F4xx_HAL_Driver/Src/stm32f4xx_hal_pwr.o
LOAD ./Drivers/STM32F4xx_HAL_Driver/Src/stm32f4xx_hal_pwr_ex.o
LOAD ./Drivers/STM32F4xx_HAL_Driver/Src/stm32f4xx_hal_rcc.o
LOAD ./Drivers/STM32F4xx_HAL_Driver/Src/stm32f4xx_hal_rcc_ex.o
LOAD ./Drivers/STM32F4xx_HAL_Driver/Src/stm32f4xx_hal_spi.o
LOAD ./Drivers/STM32F4xx_HAL_Driver/Src/stm32f4xx_hal_tim.o
LOAD ./Drivers/STM32F4xx_HAL_Driver/Src/stm32f4xx_hal_tim_ex.o
LOAD ./Drivers/STM32F4xx_HAL_Driver/Src/stm32f4xx_hal_uart.o
LOAD ./FATFS/App/fatfs.o
LOAD ./FATFS/Target/user_diskio.o
LOAD ./FATFS/Target/user_diskio_spi.o
LOAD ./Middlewares/Third_Party/FatFs/src/diskio.o
LOAD ./Middlewares/Third_Party/FatFs/src/ff.o
LOAD ./Middlewares/Third_Party/FatFs/src/ff_gen_drv.o
LOAD ./Middlewares/Third_Party/FatFs/src/option/ccsbcs.o
LOAD ./Middlewares/Third_Party/FatFs/src/option/syscall.o
START GROUP
LOAD C:/ST/STM32CubeIDE_1.15.1/STM32CubeIDE/plugins/com.st.stm32cube.ide.mcu.externaltools.gnu-tools-for-stm32.12.3.rel1.win32_1.0.100.202403111256/tools/bin/../lib/gcc/arm-none-eabi/12.3.1/../../../../arm-none-eabi/lib/thumb/v7e-m+fp/hard\libc_nano.a
LOAD C:/ST/STM32CubeIDE_1.15.1/STM32CubeIDE/plugins/com.st.stm32cube.ide.mcu.externaltools.gnu-tools-for-stm32.12.3.rel1.win32_1.0.100.202403111256/tools/bin/../lib/gcc/arm-none-eabi/12.3.1/../../../../arm-none-eabi/lib/thumb/v7e-m+fp/hard\libm.a
END GROUP
START GROUP
LOAD C:/ST/STM32CubeIDE_1.15.1/STM32CubeIDE/plugins/com.st.stm32cube.ide.mcu.externaltools.gnu-tools-for-stm32.12.3.rel1.win32_1.0.100.202403111256/tools/bin/../lib/gcc/arm-none-eabi/12.3.1/thumb/v7e-m+fp/hard\libgcc.a
LOAD C:/ST/STM32CubeIDE_1.15.1/STM32CubeIDE/plugins/com.st.stm32cube.ide.mcu.externaltools.gnu-tools-for-stm32.12.3.rel1.win32_1.0.100.202403111256/tools/bin/../lib/gcc/arm-none-eabi/12.3.1/../../../../arm-none-eabi/lib/thumb/v7e-m+fp/hard\libc_nano.a
END GROUP
START GROUP
LOAD C:/ST/STM32CubeIDE_1.15.1/STM32CubeIDE/plugins/com.st.stm32cube.ide.mcu.externaltools.gnu-tools-for-stm32.12.3.rel1.win32_1.0.100.202403111256/tools/bin/../lib/gcc/arm-none-eabi/12.3.1/thumb/v7e-m+fp/hard\libgcc.a
LOAD C:/ST/STM32CubeIDE_1.15.1/STM32CubeIDE/plugins/com.st.stm32cube.ide.mcu.externaltools.gnu-tools-for-stm32.12.3.rel1.win32_1.0.100.202403111256/tools/bin/../lib/gcc/arm-none-eabi/12.3.1/../../../../arm-none-eabi/lib/thumb/v7e-m+fp/hard\libc_nano.a
LOAD C:/ST/STM32CubeIDE_1.15.1/STM32CubeIDE/plugins/com.st.stm32cube.ide.mcu.externaltools.gnu-tools-for-stm32.12.3.rel1.win32_1.0.100.202403111256/tools/bin/../lib/gcc/arm-none-eabi/12.3.1/../../../../arm-none-eabi/lib/thumb/v7e-m+fp/hard\libnosys.a
END GROUP
START GROUP
LOAD C:/ST/STM32CubeIDE_1.15.1/STM32CubeIDE/plugins/com.st.stm32cube.ide.mcu.externaltools.gnu-tools-for-stm32.12.3.rel1.win32_1.0.100.202403111256/tools/bin/../lib/gcc/arm-none-eabi/12.3.1/thumb/v7e-m+fp/hard\libgcc.a
LOAD C:/ST/STM32CubeIDE_1.15.1/STM32CubeIDE/plugins/com.st.stm32cube.ide.mcu.externaltools.gnu-tools-for-stm32.12.3.rel1.win32_1.0.100.202403111256/tools/bin/../lib/gcc/arm-none-eabi/12.3.1/../../../../arm-none-eabi/lib/thumb/v7e-m+fp/hard\libc_nano.a
LOAD C:/ST/STM32CubeIDE_1.15.1/STM32CubeIDE/plugins/com.st.stm32cube.ide.mcu.externaltools.gnu-tools-for-stm32.12.3.rel1.win32_1.0.100.202403111256/tools/bin/../lib/gcc/arm-none-eabi/12.3.1/../../../../arm-none-eabi/lib/thumb/v7e-m+fp/hard\libnosys.a
END GROUP
LOAD C:/ST/STM32CubeIDE_1.15.1/STM32CubeIDE/plugins/com.st.stm32cube.ide.mcu.externaltools.gnu-tools-for-stm32.12.3.rel1.win32_1.0.100.202403111256/tools/bin/../lib/gcc/arm-none-eabi/12.3.1/thumb/v7e-m+fp/hard/crtend.o
LOAD C:/ST/STM32CubeIDE_1.15.1/STM32CubeIDE/plugins/com.st.stm32cube.ide.mcu.externaltools.gnu-tools-for-stm32.12.3.rel1.win32_1.0.100.202403111256/tools/bin/../lib/gcc/arm-none-eabi/12.3.1/thumb/v7e-m+fp/hard/crtn.o
                0x20020000                        _estack = (ORIGIN (RAM) + LENGTH (RAM))
                0x00000200                        _Min_Heap_Size = 0x200
                0x00000400                        _Min_Stack_Size = 0x400

.isr_vector     0x08000000      0x198
                0x08000000                        . = ALIGN (0x4)
 *(.isr_vector)
 .isr_vector    0x08000000      0x198 ./Core/Startup/startup_stm32f411ceux.o
                0x08000000                g_pfnVectors
                0x08000198                        . = ALIGN (0x4)

.text           0x080001a0     0xa578
                0x080001a0                        . = ALIGN (0x4)
 *(.text)
 .text          0x080001a0       0x40 C:/ST/STM32CubeIDE_1.15.1/STM32CubeIDE/plugins/com.st.stm32cube.ide.mcu.externaltools.gnu-tools-for-stm32.12.3.rel1.win32_1.0.100.202403111256/tools/bin/../lib/gcc/arm-none-eabi/12.3.1/thumb/v7e-m+fp/hard/crtbegin.o
 .text          0x080001e0       0xa0 C:/ST/STM32CubeIDE_1.15.1/STM32CubeIDE/plugins/com.st.stm32cube.ide.mcu.externaltools.gnu-tools-for-stm32.12.3.rel1.win32_1.0.100.202403111256/tools/bin/../lib/gcc/arm-none-eabi/12.3.1/../../../../arm-none-eabi/lib/thumb/v7e-m+fp/hard\libc_nano.a(libc_a-memchr.o)
                0x080001e0                memchr
 .text          0x08000280      0x254 C:/ST/STM32CubeIDE_1.15.1/STM32CubeIDE/plugins/com.st.stm32cube.ide.mcu.externaltools.gnu-tools-for-stm32.12.3.rel1.win32_1.0.100.202403111256/tools/bin/../lib/gcc/arm-none-eabi/12.3.1/thumb/v7e-m+fp/hard\libgcc.a(_arm_muldf3.o)
                0x08000280                __muldf3
                0x08000280                __aeabi_dmul
 .text          0x080004d4      0x378 C:/ST/STM32CubeIDE_1.15.1/STM32CubeIDE/plugins/com.st.stm32cube.ide.mcu.externaltools.gnu-tools-for-stm32.12.3.rel1.win32_1.0.100.202403111256/tools/bin/../lib/gcc/arm-none-eabi/12.3.1/thumb/v7e-m+fp/hard\libgcc.a(_arm_addsubdf3.o)
                0x080004d4                __aeabi_drsub
                0x080004dc                __aeabi_dsub
                0x080004dc                __subdf3
                0x080004e0                __aeabi_dadd
                0x080004e0                __adddf3
                0x08000758                __floatunsidf
                0x08000758                __aeabi_ui2d
                0x08000778                __floatsidf
                0x08000778                __aeabi_i2d
                0x0800079c                __aeabi_f2d
                0x0800079c                __extendsfdf2
                0x080007e0                __floatundidf
                0x080007e0                __aeabi_ul2d
                0x080007f0                __floatdidf
                0x080007f0                __aeabi_l2d
 .text          0x0800084c       0xa0 C:/ST/STM32CubeIDE_1.15.1/STM32CubeIDE/plugins/com.st.stm32cube.ide.mcu.externaltools.gnu-tools-for-stm32.12.3.rel1.win32_1.0.100.202403111256/tools/bin/../lib/gcc/arm-none-eabi/12.3.1/thumb/v7e-m+fp/hard\libgcc.a(_arm_truncdfsf2.o)
                0x0800084c                __truncdfsf2
                0x0800084c                __aeabi_d2f
 .text          0x080008ec       0x30 C:/ST/STM32CubeIDE_1.15.1/STM32CubeIDE/plugins/com.st.stm32cube.ide.mcu.externaltools.gnu-tools-for-stm32.12.3.rel1.win32_1.0.100.202403111256/tools/bin/../lib/gcc/arm-none-eabi/12.3.1/thumb/v7e-m+fp/hard\libgcc.a(_aeabi_uldivmod.o)
                0x080008ec                __aeabi_uldivmod
 .text          0x0800091c      0x2bc C:/ST/STM32CubeIDE_1.15.1/STM32CubeIDE/plugins/com.st.stm32cube.ide.mcu.externaltools.gnu-tools-for-stm32.12.3.rel1.win32_1.0.100.202403111256/tools/bin/../lib/gcc/arm-none-eabi/12.3.1/thumb/v7e-m+fp/hard\libgcc.a(_udivmoddi4.o)
                0x0800091c                __udivmoddi4
 .text          0x08000bd8        0x4 C:/ST/STM32CubeIDE_1.15.1/STM32CubeIDE/plugins/com.st.stm32cube.ide.mcu.externaltools.gnu-tools-for-stm32.12.3.rel1.win32_1.0.100.202403111256/tools/bin/../lib/gcc/arm-none-eabi/12.3.1/thumb/v7e-m+fp/hard\libgcc.a(_dvmd_tls.o)
                0x08000bd8                __aeabi_idiv0
                0x08000bd8                __aeabi_ldiv0
 *(.text*)
 .text.ILI9341_Select
                0x08000bdc       0x18 ./Core/Src/ili9341.o
 .text.ILI9341_Unselect
                0x08000bf4       0x18 ./Core/Src/ili9341.o
                0x08000bf4                ILI9341_Unselect
 .text.ILI9341_Reset
                0x08000c0c       0x28 ./Core/Src/ili9341.o
 .text.ILI9341_WriteCommand
                0x08000c34       0x34 ./Core/Src/ili9341.o
 .text.ILI9341_WriteData
                0x08000c68       0x5c ./Core/Src/ili9341.o
 .text.ILI9341_WriteData_with_endian
                0x08000cc4      0x110 ./Core/Src/ili9341.o
 .text.ILI9341_SetAddressWindow
                0x08000dd4       0x90 ./Core/Src/ili9341.o
 .text.ILI9341_Init
                0x08000e64      0x25c ./Core/Src/ili9341.o
                0x08000e64                ILI9341_Init
 .text.ILI9341_WriteChar
                0x080010c0       0xe4 ./Core/Src/ili9341.o
 .text.ILI9341_WriteString
                0x080011a4       0x96 ./Core/Src/ili9341.o
                0x080011a4                ILI9341_WriteString
 *fill*         0x0800123a        0x2 
 .text.ILI9341_FillRectangle
                0x0800123c       0xdc ./Core/Src/ili9341.o
                0x0800123c                ILI9341_FillRectangle
 .text.ILI9341_FillScreen
                0x08001318       0x24 ./Core/Src/ili9341.o
                0x08001318                ILI9341_FillScreen
 .text.ILI9341_DrawImage
                0x0800133c       0x90 ./Core/Src/ili9341.o
                0x0800133c                ILI9341_DrawImage
 .text.HAL_TIM_PeriodElapsedCallback
                0x080013cc      0x164 ./Core/Src/main.o
                0x080013cc                HAL_TIM_PeriodElapsedCallback
 .text.init     0x08001530       0x10 ./Core/Src/main.o
                0x08001530                init
 .text.turn_mario
                0x08001540       0xd0 ./Core/Src/main.o
                0x08001540                turn_mario
 .text.turn_enemy
                0x08001610       0xa0 ./Core/Src/main.o
                0x08001610                turn_enemy
 .text.collision_detection
                0x080016b0       0xc6 ./Core/Src/main.o
                0x080016b0                collision_detection
 *fill*         0x08001776        0x2 
 .text.collision_detection_enemies
                0x08001778      0x270 ./Core/Src/main.o
                0x08001778                collision_detection_enemies
 .text.standing_on
                0x080019e8       0xba ./Core/Src/main.o
                0x080019e8                standing_on
 *fill*         0x08001aa2        0x2 
 .text.isTouchingGround
                0x08001aa4      0x484 ./Core/Src/main.o
                0x08001aa4                isTouchingGround
 .text.cleanMarioBackground
                0x08001f28       0x82 ./Core/Src/main.o
                0x08001f28                cleanMarioBackground
 *fill*         0x08001faa        0x2 
 .text.draw_map_1
                0x08001fac      0x42c ./Core/Src/main.o
                0x08001fac                draw_map_1
 .text.draw_bowser
                0x080023d8      0x618 ./Core/Src/main.o
                0x080023d8                draw_bowser
 .text.drawScene
                0x080029f0       0x1c ./Core/Src/main.o
                0x080029f0                drawScene
 *fill*         0x08002a0c        0x4 
 .text.main     0x08002a10      0x660 ./Core/Src/main.o
                0x08002a10                main
 .text.SystemClock_Config
                0x08003070       0xd0 ./Core/Src/main.o
                0x08003070                SystemClock_Config
 .text.MX_SPI1_Init
                0x08003140       0x6c ./Core/Src/main.o
 .text.MX_SPI2_Init
                0x080031ac       0x6c ./Core/Src/main.o
 .text.MX_TIM3_Init
                0x08003218       0xac ./Core/Src/main.o
 .text.MX_TIM4_Init
                0x080032c4       0xb0 ./Core/Src/main.o
 .text.MX_USART2_UART_Init
                0x08003374       0x54 ./Core/Src/main.o
 .text.MX_GPIO_Init
                0x080033c8      0x12c ./Core/Src/main.o
 .text.Error_Handler
                0x080034f4        0xc ./Core/Src/main.o
                0x080034f4                Error_Handler
 .text.HAL_MspInit
                0x08003500       0x50 ./Core/Src/stm32f4xx_hal_msp.o
                0x08003500                HAL_MspInit
 .text.HAL_SPI_MspInit
                0x08003550       0xfc ./Core/Src/stm32f4xx_hal_msp.o
                0x08003550                HAL_SPI_MspInit
 .text.HAL_TIM_OC_MspInit
                0x0800364c       0x50 ./Core/Src/stm32f4xx_hal_msp.o
                0x0800364c                HAL_TIM_OC_MspInit
 .text.HAL_TIM_PWM_MspInit
                0x0800369c       0x44 ./Core/Src/stm32f4xx_hal_msp.o
                0x0800369c                HAL_TIM_PWM_MspInit
 .text.HAL_TIM_MspPostInit
                0x080036e0       0x74 ./Core/Src/stm32f4xx_hal_msp.o
                0x080036e0                HAL_TIM_MspPostInit
 .text.HAL_UART_MspInit
                0x08003754       0x90 ./Core/Src/stm32f4xx_hal_msp.o
                0x08003754                HAL_UART_MspInit
 .text.NMI_Handler
                0x080037e4        0x8 ./Core/Src/stm32f4xx_it.o
                0x080037e4                NMI_Handler
 .text.HardFault_Handler
                0x080037ec        0x8 ./Core/Src/stm32f4xx_it.o
                0x080037ec                HardFault_Handler
 .text.MemManage_Handler
                0x080037f4        0x8 ./Core/Src/stm32f4xx_it.o
                0x080037f4                MemManage_Handler
 .text.BusFault_Handler
                0x080037fc        0x8 ./Core/Src/stm32f4xx_it.o
                0x080037fc                BusFault_Handler
 .text.UsageFault_Handler
                0x08003804        0x8 ./Core/Src/stm32f4xx_it.o
                0x08003804                UsageFault_Handler
 .text.SVC_Handler
                0x0800380c        0xe ./Core/Src/stm32f4xx_it.o
                0x0800380c                SVC_Handler
 .text.DebugMon_Handler
                0x0800381a        0xe ./Core/Src/stm32f4xx_it.o
                0x0800381a                DebugMon_Handler
 .text.PendSV_Handler
                0x08003828        0xe ./Core/Src/stm32f4xx_it.o
                0x08003828                PendSV_Handler
 .text.SysTick_Handler
                0x08003836        0xc ./Core/Src/stm32f4xx_it.o
                0x08003836                SysTick_Handler
 *fill*         0x08003842        0x2 
 .text.TIM3_IRQHandler
                0x08003844       0x14 ./Core/Src/stm32f4xx_it.o
                0x08003844                TIM3_IRQHandler
 .text._sbrk    0x08003858       0x6c ./Core/Src/sysmem.o
                0x08003858                _sbrk
 .text.SystemInit
                0x080038c4       0x24 ./Core/Src/system_stm32f4xx.o
                0x080038c4                SystemInit
 .text.Reset_Handler
                0x080038e8       0x50 ./Core/Startup/startup_stm32f411ceux.o
                0x080038e8                Reset_Handler
 .text.Default_Handler
                0x08003938        0x2 ./Core/Startup/startup_stm32f411ceux.o
                0x08003938                RTC_Alarm_IRQHandler
                0x08003938                EXTI2_IRQHandler
                0x08003938                SPI4_IRQHandler
                0x08003938                TIM1_CC_IRQHandler
                0x08003938                DMA2_Stream5_IRQHandler
                0x08003938                DMA1_Stream5_IRQHandler
                0x08003938                PVD_IRQHandler
                0x08003938                SDIO_IRQHandler
                0x08003938                TAMP_STAMP_IRQHandler
                0x08003938                EXTI3_IRQHandler
                0x08003938                TIM1_UP_TIM10_IRQHandler
                0x08003938                I2C3_ER_IRQHandler
                0x08003938                EXTI0_IRQHandler
                0x08003938                I2C2_EV_IRQHandler
                0x08003938                DMA1_Stream2_IRQHandler
                0x08003938                FPU_IRQHandler
                0x08003938                DMA2_Stream2_IRQHandler
                0x08003938                SPI1_IRQHandler
                0x08003938                TIM1_BRK_TIM9_IRQHandler
                0x08003938                DMA2_Stream3_IRQHandler
                0x08003938                USART6_IRQHandler
                0x08003938                DMA2_Stream0_IRQHandler
                0x08003938                TIM4_IRQHandler
                0x08003938                I2C1_EV_IRQHandler
                0x08003938                DMA1_Stream6_IRQHandler
                0x08003938                DMA1_Stream1_IRQHandler
                0x08003938                RCC_IRQHandler
                0x08003938                Default_Handler
                0x08003938                EXTI15_10_IRQHandler
                0x08003938                ADC_IRQHandler
                0x08003938                DMA1_Stream7_IRQHandler
                0x08003938                SPI5_IRQHandler
                0x08003938                TIM5_IRQHandler
                0x08003938                DMA2_Stream7_IRQHandler
                0x08003938                I2C3_EV_IRQHandler
                0x08003938                EXTI9_5_IRQHandler
                0x08003938                RTC_WKUP_IRQHandler
                0x08003938                SPI2_IRQHandler
                0x08003938                DMA1_Stream0_IRQHandler
                0x08003938                EXTI4_IRQHandler
                0x08003938                WWDG_IRQHandler
                0x08003938                TIM2_IRQHandler
                0x08003938                OTG_FS_WKUP_IRQHandler
                0x08003938                TIM1_TRG_COM_TIM11_IRQHandler
                0x08003938                EXTI1_IRQHandler
                0x08003938                USART2_IRQHandler
                0x08003938                I2C2_ER_IRQHandler
                0x08003938                DMA2_Stream1_IRQHandler
                0x08003938                FLASH_IRQHandler
                0x08003938                DMA2_Stream4_IRQHandler
                0x08003938                USART1_IRQHandler
                0x08003938                OTG_FS_IRQHandler
                0x08003938                SPI3_IRQHandler
                0x08003938                DMA1_Stream4_IRQHandler
                0x08003938                I2C1_ER_IRQHandler
                0x08003938                DMA2_Stream6_IRQHandler
                0x08003938                DMA1_Stream3_IRQHandler
 *fill*         0x0800393a        0x2 
 .text.HAL_Init
                0x0800393c       0x44 ./Drivers/STM32F4xx_HAL_Driver/Src/stm32f4xx_hal.o
                0x0800393c                HAL_Init
 .text.HAL_InitTick
                0x08003980       0x60 ./Drivers/STM32F4xx_HAL_Driver/Src/stm32f4xx_hal.o
                0x08003980                HAL_InitTick
 .text.HAL_IncTick
                0x080039e0       0x28 ./Drivers/STM32F4xx_HAL_Driver/Src/stm32f4xx_hal.o
                0x080039e0                HAL_IncTick
 .text.HAL_GetTick
                0x08003a08       0x18 ./Drivers/STM32F4xx_HAL_Driver/Src/stm32f4xx_hal.o
                0x08003a08                HAL_GetTick
 .text.HAL_Delay
                0x08003a20       0x48 ./Drivers/STM32F4xx_HAL_Driver/Src/stm32f4xx_hal.o
                0x08003a20                HAL_Delay
 .text.__NVIC_SetPriorityGrouping
                0x08003a68       0x48 ./Drivers/STM32F4xx_HAL_Driver/Src/stm32f4xx_hal_cortex.o
 .text.__NVIC_GetPriorityGrouping
                0x08003ab0       0x1c ./Drivers/STM32F4xx_HAL_Driver/Src/stm32f4xx_hal_cortex.o
 .text.__NVIC_EnableIRQ
                0x08003acc       0x3c ./Drivers/STM32F4xx_HAL_Driver/Src/stm32f4xx_hal_cortex.o
 .text.__NVIC_SetPriority
                0x08003b08       0x54 ./Drivers/STM32F4xx_HAL_Driver/Src/stm32f4xx_hal_cortex.o
 .text.NVIC_EncodePriority
                0x08003b5c       0x66 ./Drivers/STM32F4xx_HAL_Driver/Src/stm32f4xx_hal_cortex.o
 *fill*         0x08003bc2        0x2 
 .text.SysTick_Config
                0x08003bc4       0x44 ./Drivers/STM32F4xx_HAL_Driver/Src/stm32f4xx_hal_cortex.o
 .text.HAL_NVIC_SetPriorityGrouping
                0x08003c08       0x16 ./Drivers/STM32F4xx_HAL_Driver/Src/stm32f4xx_hal_cortex.o
                0x08003c08                HAL_NVIC_SetPriorityGrouping
 .text.HAL_NVIC_SetPriority
                0x08003c1e       0x38 ./Drivers/STM32F4xx_HAL_Driver/Src/stm32f4xx_hal_cortex.o
                0x08003c1e                HAL_NVIC_SetPriority
 .text.HAL_NVIC_EnableIRQ
                0x08003c56       0x1c ./Drivers/STM32F4xx_HAL_Driver/Src/stm32f4xx_hal_cortex.o
                0x08003c56                HAL_NVIC_EnableIRQ
 .text.HAL_SYSTICK_Config
                0x08003c72       0x18 ./Drivers/STM32F4xx_HAL_Driver/Src/stm32f4xx_hal_cortex.o
                0x08003c72                HAL_SYSTICK_Config
 *fill*         0x08003c8a        0x2 
 .text.HAL_GPIO_Init
                0x08003c8c      0x308 ./Drivers/STM32F4xx_HAL_Driver/Src/stm32f4xx_hal_gpio.o
                0x08003c8c                HAL_GPIO_Init
 .text.HAL_GPIO_ReadPin
                0x08003f94       0x30 ./Drivers/STM32F4xx_HAL_Driver/Src/stm32f4xx_hal_gpio.o
                0x08003f94                HAL_GPIO_ReadPin
 .text.HAL_GPIO_WritePin
                0x08003fc4       0x32 ./Drivers/STM32F4xx_HAL_Driver/Src/stm32f4xx_hal_gpio.o
                0x08003fc4                HAL_GPIO_WritePin
 *fill*         0x08003ff6        0x2 
 .text.HAL_RCC_OscConfig
                0x08003ff8      0x4f0 ./Drivers/STM32F4xx_HAL_Driver/Src/stm32f4xx_hal_rcc.o
                0x08003ff8                HAL_RCC_OscConfig
 .text.HAL_RCC_ClockConfig
                0x080044e8      0x1cc ./Drivers/STM32F4xx_HAL_Driver/Src/stm32f4xx_hal_rcc.o
                0x080044e8                HAL_RCC_ClockConfig
 .text.HAL_RCC_GetSysClockFreq
                0x080046b4      0x18c ./Drivers/STM32F4xx_HAL_Driver/Src/stm32f4xx_hal_rcc.o
                0x080046b4                HAL_RCC_GetSysClockFreq
 .text.HAL_RCC_GetHCLKFreq
                0x08004840       0x18 ./Drivers/STM32F4xx_HAL_Driver/Src/stm32f4xx_hal_rcc.o
                0x08004840                HAL_RCC_GetHCLKFreq
 .text.HAL_RCC_GetPCLK1Freq
                0x08004858       0x28 ./Drivers/STM32F4xx_HAL_Driver/Src/stm32f4xx_hal_rcc.o
                0x08004858                HAL_RCC_GetPCLK1Freq
 .text.HAL_RCC_GetPCLK2Freq
                0x08004880       0x28 ./Drivers/STM32F4xx_HAL_Driver/Src/stm32f4xx_hal_rcc.o
                0x08004880                HAL_RCC_GetPCLK2Freq
 .text.HAL_SPI_Init
                0x080048a8      0x112 ./Drivers/STM32F4xx_HAL_Driver/Src/stm32f4xx_hal_spi.o
                0x080048a8                HAL_SPI_Init
 .text.HAL_SPI_Transmit
                0x080049ba      0x288 ./Drivers/STM32F4xx_HAL_Driver/Src/stm32f4xx_hal_spi.o
                0x080049ba                HAL_SPI_Transmit
 .text.HAL_SPI_TransmitReceive
                0x08004c42      0x352 ./Drivers/STM32F4xx_HAL_Driver/Src/stm32f4xx_hal_spi.o
                0x08004c42                HAL_SPI_TransmitReceive
 .text.SPI_WaitFlagStateUntilTimeout
                0x08004f94      0x110 ./Drivers/STM32F4xx_HAL_Driver/Src/stm32f4xx_hal_spi.o
 .text.SPI_EndRxTxTransaction
                0x080050a4       0xa8 ./Drivers/STM32F4xx_HAL_Driver/Src/stm32f4xx_hal_spi.o
 .text.HAL_TIM_Base_Start_IT
                0x0800514c       0xc4 ./Drivers/STM32F4xx_HAL_Driver/Src/stm32f4xx_hal_tim.o
                0x0800514c                HAL_TIM_Base_Start_IT
 .text.HAL_TIM_OC_Init
                0x08005210       0x9e ./Drivers/STM32F4xx_HAL_Driver/Src/stm32f4xx_hal_tim.o
                0x08005210                HAL_TIM_OC_Init
 .text.HAL_TIM_PWM_Init
                0x080052ae       0x9e ./Drivers/STM32F4xx_HAL_Driver/Src/stm32f4xx_hal_tim.o
                0x080052ae                HAL_TIM_PWM_Init
 .text.HAL_TIM_PWM_Start
                0x0800534c      0x160 ./Drivers/STM32F4xx_HAL_Driver/Src/stm32f4xx_hal_tim.o
                0x0800534c                HAL_TIM_PWM_Start
 .text.HAL_TIM_IRQHandler
                0x080054ac      0x1e0 ./Drivers/STM32F4xx_HAL_Driver/Src/stm32f4xx_hal_tim.o
                0x080054ac                HAL_TIM_IRQHandler
 .text.HAL_TIM_OC_ConfigChannel
                0x0800568c       0xb8 ./Drivers/STM32F4xx_HAL_Driver/Src/stm32f4xx_hal_tim.o
                0x0800568c                HAL_TIM_OC_ConfigChannel
 .text.HAL_TIM_PWM_ConfigChannel
                0x08005744      0x184 ./Drivers/STM32F4xx_HAL_Driver/Src/stm32f4xx_hal_tim.o
                0x08005744                HAL_TIM_PWM_ConfigChannel
 .text.HAL_TIM_OC_DelayElapsedCallback
                0x080058c8       0x14 ./Drivers/STM32F4xx_HAL_Driver/Src/stm32f4xx_hal_tim.o
                0x080058c8                HAL_TIM_OC_DelayElapsedCallback
 .text.HAL_TIM_IC_CaptureCallback
                0x080058dc       0x14 ./Drivers/STM32F4xx_HAL_Driver/Src/stm32f4xx_hal_tim.o
                0x080058dc                HAL_TIM_IC_CaptureCallback
 .text.HAL_TIM_PWM_PulseFinishedCallback
                0x080058f0       0x14 ./Drivers/STM32F4xx_HAL_Driver/Src/stm32f4xx_hal_tim.o
                0x080058f0                HAL_TIM_PWM_PulseFinishedCallback
 .text.HAL_TIM_TriggerCallback
                0x08005904       0x14 ./Drivers/STM32F4xx_HAL_Driver/Src/stm32f4xx_hal_tim.o
                0x08005904                HAL_TIM_TriggerCallback
 .text.TIM_Base_SetConfig
                0x08005918      0x10c ./Drivers/STM32F4xx_HAL_Driver/Src/stm32f4xx_hal_tim.o
                0x08005918                TIM_Base_SetConfig
 .text.TIM_OC1_SetConfig
                0x08005a24       0xcc ./Drivers/STM32F4xx_HAL_Driver/Src/stm32f4xx_hal_tim.o
 .text.TIM_OC2_SetConfig
                0x08005af0       0xd8 ./Drivers/STM32F4xx_HAL_Driver/Src/stm32f4xx_hal_tim.o
                0x08005af0                TIM_OC2_SetConfig
 .text.TIM_OC3_SetConfig
                0x08005bc8       0xd4 ./Drivers/STM32F4xx_HAL_Driver/Src/stm32f4xx_hal_tim.o
 .text.TIM_OC4_SetConfig
                0x08005c9c       0xa0 ./Drivers/STM32F4xx_HAL_Driver/Src/stm32f4xx_hal_tim.o
 .text.TIM_CCxChannelCmd
                0x08005d3c       0x4a ./Drivers/STM32F4xx_HAL_Driver/Src/stm32f4xx_hal_tim.o
                0x08005d3c                TIM_CCxChannelCmd
 *fill*         0x08005d86        0x2 
 .text.HAL_TIMEx_MasterConfigSynchronization
                0x08005d88       0xdc ./Drivers/STM32F4xx_HAL_Driver/Src/stm32f4xx_hal_tim_ex.o
                0x08005d88                HAL_TIMEx_MasterConfigSynchronization
 .text.HAL_TIMEx_CommutCallback
                0x08005e64       0x14 ./Drivers/STM32F4xx_HAL_Driver/Src/stm32f4xx_hal_tim_ex.o
                0x08005e64                HAL_TIMEx_CommutCallback
 .text.HAL_TIMEx_BreakCallback
                0x08005e78       0x14 ./Drivers/STM32F4xx_HAL_Driver/Src/stm32f4xx_hal_tim_ex.o
                0x08005e78                HAL_TIMEx_BreakCallback
 .text.HAL_UART_Init
                0x08005e8c       0xa0 ./Drivers/STM32F4xx_HAL_Driver/Src/stm32f4xx_hal_uart.o
                0x08005e8c                HAL_UART_Init
 .text.UART_SetConfig
                0x08005f2c      0x4e8 ./Drivers/STM32F4xx_HAL_Driver/Src/stm32f4xx_hal_uart.o
 .text.MX_FATFS_Init
                0x08006414       0x24 ./FATFS/App/fatfs.o
                0x08006414                MX_FATFS_Init
 .text.get_fattime
                0x08006438       0x10 ./FATFS/App/fatfs.o
                0x08006438                get_fattime
 .text.USER_initialize
                0x08006448       0x1c ./FATFS/Target/user_diskio.o
                0x08006448                USER_initialize
 .text.USER_status
                0x08006464       0x1c ./FATFS/Target/user_diskio.o
                0x08006464                USER_status
 .text.USER_read
                0x08006480       0x26 ./FATFS/Target/user_diskio.o
                0x08006480                USER_read
 .text.USER_write
                0x080064a6       0x26 ./FATFS/Target/user_diskio.o
                0x080064a6                USER_write
 .text.USER_ioctl
                0x080064cc       0x26 ./FATFS/Target/user_diskio.o
                0x080064cc                USER_ioctl
 *fill*         0x080064f2        0x2 
 .text.SPI_Timer_On
                0x080064f4       0x28 ./FATFS/Target/user_diskio_spi.o
                0x080064f4                SPI_Timer_On
 .text.SPI_Timer_Status
                0x0800651c       0x2c ./FATFS/Target/user_diskio_spi.o
                0x0800651c                SPI_Timer_Status
 .text.xchg_spi
                0x08006548       0x2c ./FATFS/Target/user_diskio_spi.o
 .text.rcvr_spi_multi
                0x08006574       0x38 ./FATFS/Target/user_diskio_spi.o
 .text.xmit_spi_multi
                0x080065ac       0x28 ./FATFS/Target/user_diskio_spi.o
 .text.wait_ready
                0x080065d4       0x46 ./FATFS/Target/user_diskio_spi.o
 *fill*         0x0800661a        0x2 
 .text.despiselect
                0x0800661c       0x20 ./FATFS/Target/user_diskio_spi.o
 .text.spiselect
                0x0800663c       0x38 ./FATFS/Target/user_diskio_spi.o
 .text.rcvr_datablock
                0x08006674       0x52 ./FATFS/Target/user_diskio_spi.o
 .text.xmit_datablock
                0x080066c6       0x64 ./FATFS/Target/user_diskio_spi.o
 .text.send_cmd
                0x0800672a       0xde ./FATFS/Target/user_diskio_spi.o
 .text.USER_SPI_initialize
                0x08006808      0x1d8 ./FATFS/Target/user_diskio_spi.o
                0x08006808                USER_SPI_initialize
 .text.USER_SPI_status
                0x080069e0       0x2c ./FATFS/Target/user_diskio_spi.o
                0x080069e0                USER_SPI_status
 .text.USER_SPI_read
                0x08006a0c       0xcc ./FATFS/Target/user_diskio_spi.o
                0x08006a0c                USER_SPI_read
 .text.USER_SPI_write
                0x08006ad8       0xf8 ./FATFS/Target/user_diskio_spi.o
                0x08006ad8                USER_SPI_write
 .text.USER_SPI_ioctl
                0x08006bd0      0x2e0 ./FATFS/Target/user_diskio_spi.o
                0x08006bd0                USER_SPI_ioctl
 .text.disk_status
                0x08006eb0       0x34 ./Middlewares/Third_Party/FatFs/src/diskio.o
                0x08006eb0                disk_status
 .text.disk_initialize
                0x08006ee4       0x50 ./Middlewares/Third_Party/FatFs/src/diskio.o
                0x08006ee4                disk_initialize
 .text.disk_read
                0x08006f34       0x40 ./Middlewares/Third_Party/FatFs/src/diskio.o
                0x08006f34                disk_read
 .text.disk_write
                0x08006f74       0x40 ./Middlewares/Third_Party/FatFs/src/diskio.o
                0x08006f74                disk_write
 .text.ld_word  0x08006fb4       0x30 ./Middlewares/Third_Party/FatFs/src/ff.o
 .text.ld_dword
                0x08006fe4       0x46 ./Middlewares/Third_Party/FatFs/src/ff.o
 .text.st_word  0x0800702a       0x36 ./Middlewares/Third_Party/FatFs/src/ff.o
 .text.st_dword
                0x08007060       0x58 ./Middlewares/Third_Party/FatFs/src/ff.o
 .text.mem_cpy  0x080070b8       0x42 ./Middlewares/Third_Party/FatFs/src/ff.o
 .text.mem_set  0x080070fa       0x36 ./Middlewares/Third_Party/FatFs/src/ff.o
 .text.mem_cmp  0x08007130       0x4e ./Middlewares/Third_Party/FatFs/src/ff.o
 .text.chk_chr  0x0800717e       0x36 ./Middlewares/Third_Party/FatFs/src/ff.o
 .text.chk_lock
                0x080071b4       0xb8 ./Middlewares/Third_Party/FatFs/src/ff.o
 .text.enq_lock
                0x0800726c       0x44 ./Middlewares/Third_Party/FatFs/src/ff.o
 .text.inc_lock
                0x080072b0      0x11c ./Middlewares/Third_Party/FatFs/src/ff.o
 .text.clear_lock
                0x080073cc       0x48 ./Middlewares/Third_Party/FatFs/src/ff.o
 .text.sync_window
                0x08007414       0x88 ./Middlewares/Third_Party/FatFs/src/ff.o
 .text.move_window
                0x0800749c       0x5a ./Middlewares/Third_Party/FatFs/src/ff.o
 .text.clust2sect
                0x080074f6       0x3e ./Middlewares/Third_Party/FatFs/src/ff.o
 .text.get_fat  0x08007534      0x14e ./Middlewares/Third_Party/FatFs/src/ff.o
 .text.put_fat  0x08007682      0x1d4 ./Middlewares/Third_Party/FatFs/src/ff.o
 .text.remove_chain
                0x08007856       0xca ./Middlewares/Third_Party/FatFs/src/ff.o
 .text.create_chain
                0x08007920      0x130 ./Middlewares/Third_Party/FatFs/src/ff.o
 .text.clmt_clust
                0x08007a50       0x68 ./Middlewares/Third_Party/FatFs/src/ff.o
 .text.dir_sdi  0x08007ab8       0xf6 ./Middlewares/Third_Party/FatFs/src/ff.o
 .text.dir_next
                0x08007bae      0x18a ./Middlewares/Third_Party/FatFs/src/ff.o
 .text.dir_alloc
                0x08007d38       0x8e ./Middlewares/Third_Party/FatFs/src/ff.o
 .text.ld_clust
                0x08007dc6       0x3e ./Middlewares/Third_Party/FatFs/src/ff.o
 .text.st_clust
                0x08007e04       0x40 ./Middlewares/Third_Party/FatFs/src/ff.o
 .text.cmp_lfn  0x08007e44       0xe0 ./Middlewares/Third_Party/FatFs/src/ff.o
 .text.put_lfn  0x08007f24       0xd0 ./Middlewares/Third_Party/FatFs/src/ff.o
 .text.gen_numname
                0x08007ff4      0x11c ./Middlewares/Third_Party/FatFs/src/ff.o
 .text.sum_sfn  0x08008110       0x42 ./Middlewares/Third_Party/FatFs/src/ff.o
 .text.dir_find
                0x08008152      0x180 ./Middlewares/Third_Party/FatFs/src/ff.o
 *fill*         0x080082d2        0x2 
 .text.dir_register
                0x080082d4      0x1f0 ./Middlewares/Third_Party/FatFs/src/ff.o
 .text.create_name
                0x080084c4      0x370 ./Middlewares/Third_Party/FatFs/src/ff.o
 .text.follow_path
                0x08008834       0xe2 ./Middlewares/Third_Party/FatFs/src/ff.o
 .text.get_ldnumber
                0x08008916       0x88 ./Middlewares/Third_Party/FatFs/src/ff.o
 *fill*         0x0800899e        0x2 
 .text.check_fs
                0x080089a0       0xac ./Middlewares/Third_Party/FatFs/src/ff.o
 .text.find_volume
                0x08008a4c      0x4a0 ./Middlewares/Third_Party/FatFs/src/ff.o
 .text.validate
                0x08008eec       0x6a ./Middlewares/Third_Party/FatFs/src/ff.o
 *fill*         0x08008f56        0x2 
 .text.f_mount  0x08008f58       0x8c ./Middlewares/Third_Party/FatFs/src/ff.o
                0x08008f58                f_mount
 .text.f_open   0x08008fe4      0x374 ./Middlewares/Third_Party/FatFs/src/ff.o
                0x08008fe4                f_open
 .text.f_read   0x08009358      0x27e ./Middlewares/Third_Party/FatFs/src/ff.o
                0x08009358                f_read
 .text.f_lseek  0x080095d6      0x412 ./Middlewares/Third_Party/FatFs/src/ff.o
                0x080095d6                f_lseek
 .text.f_getfree
                0x080099e8      0x16a ./Middlewares/Third_Party/FatFs/src/ff.o
                0x080099e8                f_getfree
 *fill*         0x08009b52        0x2 
 .text.FATFS_LinkDriverEx
                0x08009b54       0x98 ./Middlewares/Third_Party/FatFs/src/ff_gen_drv.o
                0x08009b54                FATFS_LinkDriverEx
 .text.FATFS_LinkDriver
                0x08009bec       0x1e ./Middlewares/Third_Party/FatFs/src/ff_gen_drv.o
                0x08009bec                FATFS_LinkDriver
 *fill*         0x08009c0a        0x2 
 .text.ff_convert
                0x08009c0c       0x78 ./Middlewares/Third_Party/FatFs/src/option/ccsbcs.o
                0x08009c0c                ff_convert
 .text.ff_wtoupper
                0x08009c84      0x114 ./Middlewares/Third_Party/FatFs/src/option/ccsbcs.o
                0x08009c84                ff_wtoupper
 .text.snprintf
                0x08009d98       0x68 C:/ST/STM32CubeIDE_1.15.1/STM32CubeIDE/plugins/com.st.stm32cube.ide.mcu.externaltools.gnu-tools-for-stm32.12.3.rel1.win32_1.0.100.202403111256/tools/bin/../lib/gcc/arm-none-eabi/12.3.1/../../../../arm-none-eabi/lib/thumb/v7e-m+fp/hard\libc_nano.a(libc_a-snprintf.o)
                0x08009d98                sniprintf
                0x08009d98                snprintf
 .text.memset   0x08009e00       0x10 C:/ST/STM32CubeIDE_1.15.1/STM32CubeIDE/plugins/com.st.stm32cube.ide.mcu.externaltools.gnu-tools-for-stm32.12.3.rel1.win32_1.0.100.202403111256/tools/bin/../lib/gcc/arm-none-eabi/12.3.1/../../../../arm-none-eabi/lib/thumb/v7e-m+fp/hard\libc_nano.a(libc_a-memset.o)
                0x08009e00                memset
 .text.__errno  0x08009e10        0xc C:/ST/STM32CubeIDE_1.15.1/STM32CubeIDE/plugins/com.st.stm32cube.ide.mcu.externaltools.gnu-tools-for-stm32.12.3.rel1.win32_1.0.100.202403111256/tools/bin/../lib/gcc/arm-none-eabi/12.3.1/../../../../arm-none-eabi/lib/thumb/v7e-m+fp/hard\libc_nano.a(libc_a-errno.o)
                0x08009e10                __errno
 .text.__libc_init_array
                0x08009e1c       0x48 C:/ST/STM32CubeIDE_1.15.1/STM32CubeIDE/plugins/com.st.stm32cube.ide.mcu.externaltools.gnu-tools-for-stm32.12.3.rel1.win32_1.0.100.202403111256/tools/bin/../lib/gcc/arm-none-eabi/12.3.1/../../../../arm-none-eabi/lib/thumb/v7e-m+fp/hard\libc_nano.a(libc_a-init.o)
                0x08009e1c                __libc_init_array
 .text.__retarget_lock_acquire_recursive
                0x08009e64        0x2 C:/ST/STM32CubeIDE_1.15.1/STM32CubeIDE/plugins/com.st.stm32cube.ide.mcu.externaltools.gnu-tools-for-stm32.12.3.rel1.win32_1.0.100.202403111256/tools/bin/../lib/gcc/arm-none-eabi/12.3.1/../../../../arm-none-eabi/lib/thumb/v7e-m+fp/hard\libc_nano.a(libc_a-lock.o)
                0x08009e64                __retarget_lock_acquire_recursive
 .text.__retarget_lock_release_recursive
                0x08009e66        0x2 C:/ST/STM32CubeIDE_1.15.1/STM32CubeIDE/plugins/com.st.stm32cube.ide.mcu.externaltools.gnu-tools-for-stm32.12.3.rel1.win32_1.0.100.202403111256/tools/bin/../lib/gcc/arm-none-eabi/12.3.1/../../../../arm-none-eabi/lib/thumb/v7e-m+fp/hard\libc_nano.a(libc_a-lock.o)
                0x08009e66                __retarget_lock_release_recursive
 .text._free_r  0x08009e68       0x94 C:/ST/STM32CubeIDE_1.15.1/STM32CubeIDE/plugins/com.st.stm32cube.ide.mcu.externaltools.gnu-tools-for-stm32.12.3.rel1.win32_1.0.100.202403111256/tools/bin/../lib/gcc/arm-none-eabi/12.3.1/../../../../arm-none-eabi/lib/thumb/v7e-m+fp/hard\libc_nano.a(libc_a-freer.o)
                0x08009e68                _free_r
 .text.sbrk_aligned
                0x08009efc       0x44 C:/ST/STM32CubeIDE_1.15.1/STM32CubeIDE/plugins/com.st.stm32cube.ide.mcu.externaltools.gnu-tools-for-stm32.12.3.rel1.win32_1.0.100.202403111256/tools/bin/../lib/gcc/arm-none-eabi/12.3.1/../../../../arm-none-eabi/lib/thumb/v7e-m+fp/hard\libc_nano.a(libc_a-mallocr.o)
 .text._malloc_r
                0x08009f40      0x100 C:/ST/STM32CubeIDE_1.15.1/STM32CubeIDE/plugins/com.st.stm32cube.ide.mcu.externaltools.gnu-tools-for-stm32.12.3.rel1.win32_1.0.100.202403111256/tools/bin/../lib/gcc/arm-none-eabi/12.3.1/../../../../arm-none-eabi/lib/thumb/v7e-m+fp/hard\libc_nano.a(libc_a-mallocr.o)
                0x08009f40                _malloc_r
 .text.__malloc_lock
                0x0800a040        0xc C:/ST/STM32CubeIDE_1.15.1/STM32CubeIDE/plugins/com.st.stm32cube.ide.mcu.externaltools.gnu-tools-for-stm32.12.3.rel1.win32_1.0.100.202403111256/tools/bin/../lib/gcc/arm-none-eabi/12.3.1/../../../../arm-none-eabi/lib/thumb/v7e-m+fp/hard\libc_nano.a(libc_a-mlock.o)
                0x0800a040                __malloc_lock
 .text.__malloc_unlock
                0x0800a04c        0xc C:/ST/STM32CubeIDE_1.15.1/STM32CubeIDE/plugins/com.st.stm32cube.ide.mcu.externaltools.gnu-tools-for-stm32.12.3.rel1.win32_1.0.100.202403111256/tools/bin/../lib/gcc/arm-none-eabi/12.3.1/../../../../arm-none-eabi/lib/thumb/v7e-m+fp/hard\libc_nano.a(libc_a-mlock.o)
                0x0800a04c                __malloc_unlock
 .text.__ssputs_r
                0x0800a058       0xb6 C:/ST/STM32CubeIDE_1.15.1/STM32CubeIDE/plugins/com.st.stm32cube.ide.mcu.externaltools.gnu-tools-for-stm32.12.3.rel1.win32_1.0.100.202403111256/tools/bin/../lib/gcc/arm-none-eabi/12.3.1/../../../../arm-none-eabi/lib/thumb/v7e-m+fp/hard\libc_nano.a(libc_a-nano-svfprintf.o)
                0x0800a058                __ssputs_r
 *fill*         0x0800a10e        0x2 
 .text._svfprintf_r
                0x0800a110      0x1f8 C:/ST/STM32CubeIDE_1.15.1/STM32CubeIDE/plugins/com.st.stm32cube.ide.mcu.externaltools.gnu-tools-for-stm32.12.3.rel1.win32_1.0.100.202403111256/tools/bin/../lib/gcc/arm-none-eabi/12.3.1/../../../../arm-none-eabi/lib/thumb/v7e-m+fp/hard\libc_nano.a(libc_a-nano-svfprintf.o)
                0x0800a110                _svfiprintf_r
                0x0800a110                _svfprintf_r
 .text._printf_common
                0x0800a308       0xda C:/ST/STM32CubeIDE_1.15.1/STM32CubeIDE/plugins/com.st.stm32cube.ide.mcu.externaltools.gnu-tools-for-stm32.12.3.rel1.win32_1.0.100.202403111256/tools/bin/../lib/gcc/arm-none-eabi/12.3.1/../../../../arm-none-eabi/lib/thumb/v7e-m+fp/hard\libc_nano.a(libc_a-nano-vfprintf_i.o)
                0x0800a308                _printf_common
 *fill*         0x0800a3e2        0x2 
 .text._printf_i
                0x0800a3e4      0x240 C:/ST/STM32CubeIDE_1.15.1/STM32CubeIDE/plugins/com.st.stm32cube.ide.mcu.externaltools.gnu-tools-for-stm32.12.3.rel1.win32_1.0.100.202403111256/tools/bin/../lib/gcc/arm-none-eabi/12.3.1/../../../../arm-none-eabi/lib/thumb/v7e-m+fp/hard\libc_nano.a(libc_a-nano-vfprintf_i.o)
                0x0800a3e4                _printf_i
 .text.memmove  0x0800a624       0x34 C:/ST/STM32CubeIDE_1.15.1/STM32CubeIDE/plugins/com.st.stm32cube.ide.mcu.externaltools.gnu-tools-for-stm32.12.3.rel1.win32_1.0.100.202403111256/tools/bin/../lib/gcc/arm-none-eabi/12.3.1/../../../../arm-none-eabi/lib/thumb/v7e-m+fp/hard\libc_nano.a(libc_a-memmove.o)
                0x0800a624                memmove
 .text._sbrk_r  0x0800a658       0x20 C:/ST/STM32CubeIDE_1.15.1/STM32CubeIDE/plugins/com.st.stm32cube.ide.mcu.externaltools.gnu-tools-for-stm32.12.3.rel1.win32_1.0.100.202403111256/tools/bin/../lib/gcc/arm-none-eabi/12.3.1/../../../../arm-none-eabi/lib/thumb/v7e-m+fp/hard\libc_nano.a(libc_a-sbrkr.o)
                0x0800a658                _sbrk_r
 .text.memcpy   0x0800a678       0x1c C:/ST/STM32CubeIDE_1.15.1/STM32CubeIDE/plugins/com.st.stm32cube.ide.mcu.externaltools.gnu-tools-for-stm32.12.3.rel1.win32_1.0.100.202403111256/tools/bin/../lib/gcc/arm-none-eabi/12.3.1/../../../../arm-none-eabi/lib/thumb/v7e-m+fp/hard\libc_nano.a(libc_a-memcpy-stub.o)
                0x0800a678                memcpy
 .text._realloc_r
                0x0800a694       0x5c C:/ST/STM32CubeIDE_1.15.1/STM32CubeIDE/plugins/com.st.stm32cube.ide.mcu.externaltools.gnu-tools-for-stm32.12.3.rel1.win32_1.0.100.202403111256/tools/bin/../lib/gcc/arm-none-eabi/12.3.1/../../../../arm-none-eabi/lib/thumb/v7e-m+fp/hard\libc_nano.a(libc_a-reallocr.o)
                0x0800a694                _realloc_r
 .text._malloc_usable_size_r
                0x0800a6f0       0x10 C:/ST/STM32CubeIDE_1.15.1/STM32CubeIDE/plugins/com.st.stm32cube.ide.mcu.externaltools.gnu-tools-for-stm32.12.3.rel1.win32_1.0.100.202403111256/tools/bin/../lib/gcc/arm-none-eabi/12.3.1/../../../../arm-none-eabi/lib/thumb/v7e-m+fp/hard\libc_nano.a(libc_a-msizer.o)
                0x0800a6f0                _malloc_usable_size_r
 *(.glue_7)
 .glue_7        0x0800a700        0x0 linker stubs
 *(.glue_7t)
 .glue_7t       0x0800a700        0x0 linker stubs
 *(.eh_frame)
 .eh_frame      0x0800a700        0x0 C:/ST/STM32CubeIDE_1.15.1/STM32CubeIDE/plugins/com.st.stm32cube.ide.mcu.externaltools.gnu-tools-for-stm32.12.3.rel1.win32_1.0.100.202403111256/tools/bin/../lib/gcc/arm-none-eabi/12.3.1/thumb/v7e-m+fp/hard/crtbegin.o
 *(.init)
 .init          0x0800a700        0x4 C:/ST/STM32CubeIDE_1.15.1/STM32CubeIDE/plugins/com.st.stm32cube.ide.mcu.externaltools.gnu-tools-for-stm32.12.3.rel1.win32_1.0.100.202403111256/tools/bin/../lib/gcc/arm-none-eabi/12.3.1/thumb/v7e-m+fp/hard/crti.o
                0x0800a700                _init
 .init          0x0800a704        0x8 C:/ST/STM32CubeIDE_1.15.1/STM32CubeIDE/plugins/com.st.stm32cube.ide.mcu.externaltools.gnu-tools-for-stm32.12.3.rel1.win32_1.0.100.202403111256/tools/bin/../lib/gcc/arm-none-eabi/12.3.1/thumb/v7e-m+fp/hard/crtn.o
 *(.fini)
 .fini          0x0800a70c        0x4 C:/ST/STM32CubeIDE_1.15.1/STM32CubeIDE/plugins/com.st.stm32cube.ide.mcu.externaltools.gnu-tools-for-stm32.12.3.rel1.win32_1.0.100.202403111256/tools/bin/../lib/gcc/arm-none-eabi/12.3.1/thumb/v7e-m+fp/hard/crti.o
                0x0800a70c                _fini
 .fini          0x0800a710        0x8 C:/ST/STM32CubeIDE_1.15.1/STM32CubeIDE/plugins/com.st.stm32cube.ide.mcu.externaltools.gnu-tools-for-stm32.12.3.rel1.win32_1.0.100.202403111256/tools/bin/../lib/gcc/arm-none-eabi/12.3.1/thumb/v7e-m+fp/hard/crtn.o
                0x0800a718                        . = ALIGN (0x4)
                0x0800a718                        _etext = .

.vfp11_veneer   0x0800a718        0x0
 .vfp11_veneer  0x0800a718        0x0 linker stubs

.v4_bx          0x0800a718        0x0
 .v4_bx         0x0800a718        0x0 linker stubs

.iplt           0x0800a718        0x0
 .iplt          0x0800a718        0x0 C:/ST/STM32CubeIDE_1.15.1/STM32CubeIDE/plugins/com.st.stm32cube.ide.mcu.externaltools.gnu-tools-for-stm32.12.3.rel1.win32_1.0.100.202403111256/tools/bin/../lib/gcc/arm-none-eabi/12.3.1/thumb/v7e-m+fp/hard/crtbegin.o

.rodata         0x0800a718    0x11288
                0x0800a718                        . = ALIGN (0x4)
 *(.rodata)
 .rodata        0x0800a718       0x33 ./Core/Src/ili9341.o
 *fill*         0x0800a74b        0x1 
 .rodata        0x0800a74c       0x92 ./Core/Src/main.o
 *fill*         0x0800a7de        0x2 
 .rodata        0x0800a7e0       0x48 ./Middlewares/Third_Party/FatFs/src/ff.o
 *(.rodata*)
 .rodata.Font11x18
                0x0800a828      0xd5c ./Core/Src/fonts.o
 .rodata.mario_idle
                0x0800b584      0x680 ./Core/Src/main.o
                0x0800b584                mario_idle
 .rodata.mario_walk_1
                0x0800bc04      0x800 ./Core/Src/main.o
                0x0800bc04                mario_walk_1
 .rodata.mario_walk_2
                0x0800c404      0x600 ./Core/Src/main.o
                0x0800c404                mario_walk_2
 .rodata.mario_walk_3
                0x0800ca04      0x690 ./Core/Src/main.o
                0x0800ca04                mario_walk_3
 .rodata.mario_jump
                0x0800d094      0x880 ./Core/Src/main.o
                0x0800d094                mario_jump
 .rodata.brick  0x0800d914      0x800 ./Core/Src/main.o
                0x0800d914                brick
 .rodata.ground
                0x0800e114      0x800 ./Core/Src/main.o
                0x0800e114                ground
 .rodata.cloud  0x0800e914     0x1800 ./Core/Src/main.o
                0x0800e914                cloud
 .rodata.goomba_1
                0x08010114      0x800 ./Core/Src/main.o
                0x08010114                goomba_1
 .rodata.bowser_1
                0x08010914     0x2000 ./Core/Src/main.o
                0x08010914                bowser_1
 .rodata.bowser_2
                0x08012914     0x2000 ./Core/Src/main.o
                0x08012914                bowser_2
 .rodata.bowser_3
                0x08014914     0x2000 ./Core/Src/main.o
                0x08014914                bowser_3
 .rodata.bowser_4
                0x08016914     0x2000 ./Core/Src/main.o
                0x08016914                bowser_4
 .rodata.fireball_1
                0x08018914      0x600 ./Core/Src/main.o
                0x08018914                fireball_1
 .rodata.fireball_2
                0x08018f14      0x600 ./Core/Src/main.o
                0x08018f14                fireball_2
 .rodata.pipe   0x08019514     0x2000 ./Core/Src/main.o
                0x08019514                pipe
 .rodata.AHBPrescTable
                0x0801b514       0x10 ./Core/Src/system_stm32f4xx.o
                0x0801b514                AHBPrescTable
 .rodata.APBPrescTable
                0x0801b524        0x8 ./Core/Src/system_stm32f4xx.o
                0x0801b524                APBPrescTable
 .rodata.ExCvt  0x0801b52c       0x80 ./Middlewares/Third_Party/FatFs/src/ff.o
 .rodata.LfnOfs
                0x0801b5ac        0xd ./Middlewares/Third_Party/FatFs/src/ff.o
 *fill*         0x0801b5b9        0x3 
 .rodata.Tbl    0x0801b5bc      0x100 ./Middlewares/Third_Party/FatFs/src/option/ccsbcs.o
 .rodata.cvt1.1
                0x0801b6bc      0x1f2 ./Middlewares/Third_Party/FatFs/src/option/ccsbcs.o
 *fill*         0x0801b8ae        0x2 
 .rodata.cvt2.0
                0x0801b8b0       0xbc ./Middlewares/Third_Party/FatFs/src/option/ccsbcs.o
 .rodata._svfprintf_r.str1.1
                0x0801b96c       0x11 C:/ST/STM32CubeIDE_1.15.1/STM32CubeIDE/plugins/com.st.stm32cube.ide.mcu.externaltools.gnu-tools-for-stm32.12.3.rel1.win32_1.0.100.202403111256/tools/bin/../lib/gcc/arm-none-eabi/12.3.1/../../../../arm-none-eabi/lib/thumb/v7e-m+fp/hard\libc_nano.a(libc_a-nano-svfprintf.o)
 .rodata._printf_i.str1.1
                0x0801b97d       0x22 C:/ST/STM32CubeIDE_1.15.1/STM32CubeIDE/plugins/com.st.stm32cube.ide.mcu.externaltools.gnu-tools-for-stm32.12.3.rel1.win32_1.0.100.202403111256/tools/bin/../lib/gcc/arm-none-eabi/12.3.1/../../../../arm-none-eabi/lib/thumb/v7e-m+fp/hard\libc_nano.a(libc_a-nano-vfprintf_i.o)
                0x0801b9a0                        . = ALIGN (0x4)
 *fill*         0x0801b99f        0x1 

.ARM.extab      0x0801b9a0        0x0
                0x0801b9a0                        . = ALIGN (0x4)
 *(.ARM.extab* .gnu.linkonce.armextab.*)
                0x0801b9a0                        . = ALIGN (0x4)

.ARM            0x0801b9a0        0x8
                0x0801b9a0                        . = ALIGN (0x4)
                0x0801b9a0                        __exidx_start = .
 *(.ARM.exidx*)
 .ARM.exidx     0x0801b9a0        0x8 C:/ST/STM32CubeIDE_1.15.1/STM32CubeIDE/plugins/com.st.stm32cube.ide.mcu.externaltools.gnu-tools-for-stm32.12.3.rel1.win32_1.0.100.202403111256/tools/bin/../lib/gcc/arm-none-eabi/12.3.1/../../../../arm-none-eabi/lib/thumb/v7e-m+fp/hard\libc_nano.a(libc_a-memchr.o)
 .ARM.exidx     0x0801b9a8        0x0 C:/ST/STM32CubeIDE_1.15.1/STM32CubeIDE/plugins/com.st.stm32cube.ide.mcu.externaltools.gnu-tools-for-stm32.12.3.rel1.win32_1.0.100.202403111256/tools/bin/../lib/gcc/arm-none-eabi/12.3.1/thumb/v7e-m+fp/hard\libgcc.a(_udivmoddi4.o)
                                  0x8 (size before relaxing)
                0x0801b9a8                        __exidx_end = .
                0x0801b9a8                        . = ALIGN (0x4)

.preinit_array  0x0801b9a8        0x0
                0x0801b9a8                        . = ALIGN (0x4)
                0x0801b9a8                        PROVIDE (__preinit_array_start = .)
 *(.preinit_array*)
                0x0801b9a8                        PROVIDE (__preinit_array_end = .)
                0x0801b9a8                        . = ALIGN (0x4)

.init_array     0x0801b9a8        0x4
                0x0801b9a8                        . = ALIGN (0x4)
                0x0801b9a8                        PROVIDE (__init_array_start = .)
 *(SORT_BY_NAME(.init_array.*))
 *(.init_array*)
 .init_array    0x0801b9a8        0x4 C:/ST/STM32CubeIDE_1.15.1/STM32CubeIDE/plugins/com.st.stm32cube.ide.mcu.externaltools.gnu-tools-for-stm32.12.3.rel1.win32_1.0.100.202403111256/tools/bin/../lib/gcc/arm-none-eabi/12.3.1/thumb/v7e-m+fp/hard/crtbegin.o
                0x0801b9ac                        PROVIDE (__init_array_end = .)
                0x0801b9ac                        . = ALIGN (0x4)

.fini_array     0x0801b9ac        0x4
                0x0801b9ac                        . = ALIGN (0x4)
                [!provide]                        PROVIDE (__fini_array_start = .)
 *(SORT_BY_NAME(.fini_array.*))
 *(.fini_array*)
 .fini_array    0x0801b9ac        0x4 C:/ST/STM32CubeIDE_1.15.1/STM32CubeIDE/plugins/com.st.stm32cube.ide.mcu.externaltools.gnu-tools-for-stm32.12.3.rel1.win32_1.0.100.202403111256/tools/bin/../lib/gcc/arm-none-eabi/12.3.1/thumb/v7e-m+fp/hard/crtbegin.o
                [!provide]                        PROVIDE (__fini_array_end = .)
                0x0801b9b0                        . = ALIGN (0x4)
                0x0801b9b0                        _sidata = LOADADDR (.data)

.rel.dyn        0x0801b9b0        0x0
 .rel.iplt      0x0801b9b0        0x0 C:/ST/STM32CubeIDE_1.15.1/STM32CubeIDE/plugins/com.st.stm32cube.ide.mcu.externaltools.gnu-tools-for-stm32.12.3.rel1.win32_1.0.100.202403111256/tools/bin/../lib/gcc/arm-none-eabi/12.3.1/thumb/v7e-m+fp/hard/crtbegin.o

.data           0x20000000       0xf0 load address 0x0801b9b0
                0x20000000                        . = ALIGN (0x4)
                0x20000000                        _sdata = .
 *(.data)
 *(.data*)
 .data.Font_11x18
                0x20000000        0x8 ./Core/Src/fonts.o
                0x20000000                Font_11x18
 .data.mario_lives
                0x20000008        0x1 ./Core/Src/main.o
                0x20000008                mario_lives
 *fill*         0x20000009        0x3 
 .data.prev_mario
                0x2000000c       0x10 ./Core/Src/main.o
                0x2000000c                prev_mario
 .data.mario    0x2000001c       0x10 ./Core/Src/main.o
                0x2000001c                mario
 .data.prev_bowser
                0x2000002c       0x18 ./Core/Src/main.o
                0x2000002c                prev_bowser
 .data.bowser   0x20000044       0x18 ./Core/Src/main.o
                0x20000044                bowser
 .data.enemies  0x2000005c        0xc ./Core/Src/main.o
                0x2000005c                enemies
 .data.frames.3
                0x20000068       0x10 ./Core/Src/main.o
 .data.flames.2
                0x20000078        0x4 ./Core/Src/main.o
 .data.SystemCoreClock
                0x2000007c        0x4 ./Core/Src/system_stm32f4xx.o
                0x2000007c                SystemCoreClock
 .data.uwTickPrio
                0x20000080        0x4 ./Drivers/STM32F4xx_HAL_Driver/Src/stm32f4xx_hal.o
                0x20000080                uwTickPrio
 .data.uwTickFreq
                0x20000084        0x1 ./Drivers/STM32F4xx_HAL_Driver/Src/stm32f4xx_hal.o
                0x20000084                uwTickFreq
 *fill*         0x20000085        0x3 
 .data.USER_Driver
                0x20000088       0x14 ./FATFS/Target/user_diskio.o
                0x20000088                USER_Driver
 .data.Stat     0x2000009c        0x1 ./FATFS/Target/user_diskio_spi.o
 *fill*         0x2000009d        0x3 
 .data._impure_ptr
                0x200000a0        0x4 C:/ST/STM32CubeIDE_1.15.1/STM32CubeIDE/plugins/com.st.stm32cube.ide.mcu.externaltools.gnu-tools-for-stm32.12.3.rel1.win32_1.0.100.202403111256/tools/bin/../lib/gcc/arm-none-eabi/12.3.1/../../../../arm-none-eabi/lib/thumb/v7e-m+fp/hard\libc_nano.a(libc_a-impure.o)
                0x200000a0                _impure_ptr
 .data._impure_data
                0x200000a4       0x4c C:/ST/STM32CubeIDE_1.15.1/STM32CubeIDE/plugins/com.st.stm32cube.ide.mcu.externaltools.gnu-tools-for-stm32.12.3.rel1.win32_1.0.100.202403111256/tools/bin/../lib/gcc/arm-none-eabi/12.3.1/../../../../arm-none-eabi/lib/thumb/v7e-m+fp/hard\libc_nano.a(libc_a-impure.o)
                0x200000a4                _impure_data
 *(.RamFunc)
 *(.RamFunc*)
                0x200000f0                        . = ALIGN (0x4)
                0x200000f0                        _edata = .

.igot.plt       0x200000f0        0x0 load address 0x0801baa0
 .igot.plt      0x200000f0        0x0 C:/ST/STM32CubeIDE_1.15.1/STM32CubeIDE/plugins/com.st.stm32cube.ide.mcu.externaltools.gnu-tools-for-stm32.12.3.rel1.win32_1.0.100.202403111256/tools/bin/../lib/gcc/arm-none-eabi/12.3.1/thumb/v7e-m+fp/hard/crtbegin.o
                0x200000f0                        . = ALIGN (0x4)

.bss            0x200000f0     0x62d8 load address 0x0801baa0
                0x200000f0                        _sbss = .
                0x200000f0                        __bss_start__ = _sbss
 *(.bss)
 .bss           0x200000f0       0x1c C:/ST/STM32CubeIDE_1.15.1/STM32CubeIDE/plugins/com.st.stm32cube.ide.mcu.externaltools.gnu-tools-for-stm32.12.3.rel1.win32_1.0.100.202403111256/tools/bin/../lib/gcc/arm-none-eabi/12.3.1/thumb/v7e-m+fp/hard/crtbegin.o
 *(.bss*)
 .bss.hspi1     0x2000010c       0x58 ./Core/Src/main.o
                0x2000010c                hspi1
 .bss.hspi2     0x20000164       0x58 ./Core/Src/main.o
                0x20000164                hspi2
 .bss.htim3     0x200001bc       0x48 ./Core/Src/main.o
                0x200001bc                htim3
 .bss.htim4     0x20000204       0x48 ./Core/Src/main.o
                0x20000204                htim4
 .bss.huart2    0x2000024c       0x48 ./Core/Src/main.o
                0x2000024c                huart2
 .bss.objects   0x20000294      0x190 ./Core/Src/main.o
                0x20000294                objects
 .bss.mario_final
                0x20000424      0x880 ./Core/Src/main.o
                0x20000424                mario_final
 .bss.bowser_final
                0x20000ca4     0x2000 ./Core/Src/main.o
                0x20000ca4                bowser_final
 .bss.num_objects
                0x20002ca4        0x1 ./Core/Src/main.o
                0x20002ca4                num_objects
 .bss.dir       0x20002ca5        0x1 ./Core/Src/main.o
                0x20002ca5                dir
 *fill*         0x20002ca6        0x2 
 .bss.audio_buff
                0x20002ca8     0x1000 ./Core/Src/main.o
                0x20002ca8                audio_buff
 .bss.yahoo_buff
                0x20003ca8     0x1000 ./Core/Src/main.o
                0x20003ca8                yahoo_buff
 .bss.buff_pointer
                0x20004ca8        0x2 ./Core/Src/main.o
                0x20004ca8                buff_pointer
 .bss.yahoo_buff_pointer
                0x20004caa        0x2 ./Core/Src/main.o
                0x20004caa                yahoo_buff_pointer
 .bss.FatFs     0x20004cac      0x234 ./Core/Src/main.o
                0x20004cac                FatFs
 .bss.fil       0x20004ee0      0x230 ./Core/Src/main.o
                0x20004ee0                fil
 .bss.fil_yahoo
                0x20005110      0x230 ./Core/Src/main.o
                0x20005110                fil_yahoo
 .bss.fres      0x20005340        0x1 ./Core/Src/main.o
                0x20005340                fres
 *fill*         0x20005341        0x3 
 .bss.num_iter  0x20005344        0x4 ./Core/Src/main.o
                0x20005344                num_iter
 .bss.is_jumping
                0x20005348        0x1 ./Core/Src/main.o
                0x20005348                is_jumping
 .bss.reset_jump_audio
                0x20005349        0x1 ./Core/Src/main.o
                0x20005349                reset_jump_audio
 *fill*         0x2000534a        0x2 
 .bss.jump_timer
                0x2000534c        0x4 ./Core/Src/main.o
                0x2000534c                jump_timer
 .bss.mario_last_hit.9
                0x20005350        0x4 ./Core/Src/main.o
 .bss.bowser_last_moved.8
                0x20005354        0x4 ./Core/Src/main.o
 .bss.bowser_last_updated.7
                0x20005358        0x4 ./Core/Src/main.o
 .bss.flame_timer.6
                0x2000535c        0x4 ./Core/Src/main.o
 .bss.mario_last_hit.5
                0x20005360        0x4 ./Core/Src/main.o
 .bss.frame_num.4
                0x20005364        0x1 ./Core/Src/main.o
 *fill*         0x20005365        0x3 
 .bss.fireballs.1
                0x20005368       0xc8 ./Core/Src/main.o
 .bss.fireball_final.0
                0x20005430      0xc00 ./Core/Src/main.o
 .bss.__sbrk_heap_end
                0x20006030        0x4 ./Core/Src/sysmem.o
 .bss.uwTick    0x20006034        0x4 ./Drivers/STM32F4xx_HAL_Driver/Src/stm32f4xx_hal.o
                0x20006034                uwTick
 .bss.retUSER   0x20006038        0x1 ./FATFS/App/fatfs.o
                0x20006038                retUSER
 *fill*         0x20006039        0x3 
 .bss.USERPath  0x2000603c        0x4 ./FATFS/App/fatfs.o
                0x2000603c                USERPath
 .bss.CardType  0x20006040        0x1 ./FATFS/Target/user_diskio_spi.o
 *fill*         0x20006041        0x3 
 .bss.spiTimerTickStart
                0x20006044        0x4 ./FATFS/Target/user_diskio_spi.o
                0x20006044                spiTimerTickStart
 .bss.spiTimerTickDelay
                0x20006048        0x4 ./FATFS/Target/user_diskio_spi.o
                0x20006048                spiTimerTickDelay
 .bss.FatFs     0x2000604c        0x4 ./Middlewares/Third_Party/FatFs/src/ff.o
 .bss.Fsid      0x20006050        0x2 ./Middlewares/Third_Party/FatFs/src/ff.o
 *fill*         0x20006052        0x2 
 .bss.Files     0x20006054       0x20 ./Middlewares/Third_Party/FatFs/src/ff.o
 .bss.LfnBuf    0x20006074      0x200 ./Middlewares/Third_Party/FatFs/src/ff.o
 .bss.disk      0x20006274        0xc ./Middlewares/Third_Party/FatFs/src/ff_gen_drv.o
                0x20006274                disk
 .bss.__sf      0x20006280      0x138 C:/ST/STM32CubeIDE_1.15.1/STM32CubeIDE/plugins/com.st.stm32cube.ide.mcu.externaltools.gnu-tools-for-stm32.12.3.rel1.win32_1.0.100.202403111256/tools/bin/../lib/gcc/arm-none-eabi/12.3.1/../../../../arm-none-eabi/lib/thumb/v7e-m+fp/hard\libc_nano.a(libc_a-findfp.o)
                0x20006280                __sf
 .bss.errno     0x200063b8        0x4 C:/ST/STM32CubeIDE_1.15.1/STM32CubeIDE/plugins/com.st.stm32cube.ide.mcu.externaltools.gnu-tools-for-stm32.12.3.rel1.win32_1.0.100.202403111256/tools/bin/../lib/gcc/arm-none-eabi/12.3.1/../../../../arm-none-eabi/lib/thumb/v7e-m+fp/hard\libc_nano.a(libc_a-reent.o)
                0x200063b8                errno
 .bss.__lock___malloc_recursive_mutex
                0x200063bc        0x1 C:/ST/STM32CubeIDE_1.15.1/STM32CubeIDE/plugins/com.st.stm32cube.ide.mcu.externaltools.gnu-tools-for-stm32.12.3.rel1.win32_1.0.100.202403111256/tools/bin/../lib/gcc/arm-none-eabi/12.3.1/../../../../arm-none-eabi/lib/thumb/v7e-m+fp/hard\libc_nano.a(libc_a-lock.o)
                0x200063bc                __lock___malloc_recursive_mutex
 *fill*         0x200063bd        0x3 
 .bss.__malloc_sbrk_start
                0x200063c0        0x4 C:/ST/STM32CubeIDE_1.15.1/STM32CubeIDE/plugins/com.st.stm32cube.ide.mcu.externaltools.gnu-tools-for-stm32.12.3.rel1.win32_1.0.100.202403111256/tools/bin/../lib/gcc/arm-none-eabi/12.3.1/../../../../arm-none-eabi/lib/thumb/v7e-m+fp/hard\libc_nano.a(libc_a-mallocr.o)
                0x200063c0                __malloc_sbrk_start
 .bss.__malloc_free_list
                0x200063c4        0x4 C:/ST/STM32CubeIDE_1.15.1/STM32CubeIDE/plugins/com.st.stm32cube.ide.mcu.externaltools.gnu-tools-for-stm32.12.3.rel1.win32_1.0.100.202403111256/tools/bin/../lib/gcc/arm-none-eabi/12.3.1/../../../../arm-none-eabi/lib/thumb/v7e-m+fp/hard\libc_nano.a(libc_a-mallocr.o)
                0x200063c4                __malloc_free_list
 *(COMMON)
                0x200063c8                        . = ALIGN (0x4)
                0x200063c8                        _ebss = .
                0x200063c8                        __bss_end__ = _ebss

._user_heap_stack
                0x200063c8      0x600 load address 0x0801baa0
                0x200063c8                        . = ALIGN (0x8)
                [!provide]                        PROVIDE (end = .)
                0x200063c8                        PROVIDE (_end = .)
                0x200065c8                        . = (. + _Min_Heap_Size)
 *fill*         0x200063c8      0x200 
                0x200069c8                        . = (. + _Min_Stack_Size)
 *fill*         0x200065c8      0x400 
                0x200069c8                        . = ALIGN (0x8)

/DISCARD/
 libc.a(*)
 libm.a(*)
 libgcc.a(*)

.ARM.attributes
                0x00000000       0x30
 *(.ARM.attributes)
 .ARM.attributes
                0x00000000       0x22 C:/ST/STM32CubeIDE_1.15.1/STM32CubeIDE/plugins/com.st.stm32cube.ide.mcu.externaltools.gnu-tools-for-stm32.12.3.rel1.win32_1.0.100.202403111256/tools/bin/../lib/gcc/arm-none-eabi/12.3.1/thumb/v7e-m+fp/hard/crti.o
 .ARM.attributes
                0x00000022       0x34 C:/ST/STM32CubeIDE_1.15.1/STM32CubeIDE/plugins/com.st.stm32cube.ide.mcu.externaltools.gnu-tools-for-stm32.12.3.rel1.win32_1.0.100.202403111256/tools/bin/../lib/gcc/arm-none-eabi/12.3.1/thumb/v7e-m+fp/hard/crtbegin.o
 .ARM.attributes
                0x00000056       0x34 ./Core/Src/fonts.o
 .ARM.attributes
                0x0000008a       0x34 ./Core/Src/ili9341.o
 .ARM.attributes
                0x000000be       0x34 ./Core/Src/main.o
 .ARM.attributes
                0x000000f2       0x34 ./Core/Src/stm32f4xx_hal_msp.o
 .ARM.attributes
                0x00000126       0x34 ./Core/Src/stm32f4xx_it.o
 .ARM.attributes
                0x0000015a       0x34 ./Core/Src/sysmem.o
 .ARM.attributes
                0x0000018e       0x34 ./Core/Src/system_stm32f4xx.o
 .ARM.attributes
                0x000001c2       0x21 ./Core/Startup/startup_stm32f411ceux.o
 .ARM.attributes
                0x000001e3       0x34 ./Drivers/STM32F4xx_HAL_Driver/Src/stm32f4xx_hal.o
 .ARM.attributes
                0x00000217       0x34 ./Drivers/STM32F4xx_HAL_Driver/Src/stm32f4xx_hal_cortex.o
 .ARM.attributes
                0x0000024b       0x34 ./Drivers/STM32F4xx_HAL_Driver/Src/stm32f4xx_hal_gpio.o
 .ARM.attributes
                0x0000027f       0x34 ./Drivers/STM32F4xx_HAL_Driver/Src/stm32f4xx_hal_rcc.o
 .ARM.attributes
                0x000002b3       0x34 ./Drivers/STM32F4xx_HAL_Driver/Src/stm32f4xx_hal_spi.o
 .ARM.attributes
                0x000002e7       0x34 ./Drivers/STM32F4xx_HAL_Driver/Src/stm32f4xx_hal_tim.o
 .ARM.attributes
                0x0000031b       0x34 ./Drivers/STM32F4xx_HAL_Driver/Src/stm32f4xx_hal_tim_ex.o
 .ARM.attributes
                0x0000034f       0x34 ./Drivers/STM32F4xx_HAL_Driver/Src/stm32f4xx_hal_uart.o
 .ARM.attributes
                0x00000383       0x34 ./FATFS/App/fatfs.o
 .ARM.attributes
                0x000003b7       0x34 ./FATFS/Target/user_diskio.o
 .ARM.attributes
                0x000003eb       0x34 ./FATFS/Target/user_diskio_spi.o
 .ARM.attributes
                0x0000041f       0x34 ./Middlewares/Third_Party/FatFs/src/diskio.o
 .ARM.attributes
                0x00000453       0x34 ./Middlewares/Third_Party/FatFs/src/ff.o
 .ARM.attributes
                0x00000487       0x34 ./Middlewares/Third_Party/FatFs/src/ff_gen_drv.o
 .ARM.attributes
                0x000004bb       0x34 ./Middlewares/Third_Party/FatFs/src/option/ccsbcs.o
 .ARM.attributes
                0x000004ef       0x34 C:/ST/STM32CubeIDE_1.15.1/STM32CubeIDE/plugins/com.st.stm32cube.ide.mcu.externaltools.gnu-tools-for-stm32.12.3.rel1.win32_1.0.100.202403111256/tools/bin/../lib/gcc/arm-none-eabi/12.3.1/../../../../arm-none-eabi/lib/thumb/v7e-m+fp/hard\libc_nano.a(libc_a-findfp.o)
 .ARM.attributes
                0x00000523       0x34 C:/ST/STM32CubeIDE_1.15.1/STM32CubeIDE/plugins/com.st.stm32cube.ide.mcu.externaltools.gnu-tools-for-stm32.12.3.rel1.win32_1.0.100.202403111256/tools/bin/../lib/gcc/arm-none-eabi/12.3.1/../../../../arm-none-eabi/lib/thumb/v7e-m+fp/hard\libc_nano.a(libc_a-snprintf.o)
 .ARM.attributes
                0x00000557       0x34 C:/ST/STM32CubeIDE_1.15.1/STM32CubeIDE/plugins/com.st.stm32cube.ide.mcu.externaltools.gnu-tools-for-stm32.12.3.rel1.win32_1.0.100.202403111256/tools/bin/../lib/gcc/arm-none-eabi/12.3.1/../../../../arm-none-eabi/lib/thumb/v7e-m+fp/hard\libc_nano.a(libc_a-memset.o)
 .ARM.attributes
                0x0000058b       0x34 C:/ST/STM32CubeIDE_1.15.1/STM32CubeIDE/plugins/com.st.stm32cube.ide.mcu.externaltools.gnu-tools-for-stm32.12.3.rel1.win32_1.0.100.202403111256/tools/bin/../lib/gcc/arm-none-eabi/12.3.1/../../../../arm-none-eabi/lib/thumb/v7e-m+fp/hard\libc_nano.a(libc_a-reent.o)
 .ARM.attributes
                0x000005bf       0x34 C:/ST/STM32CubeIDE_1.15.1/STM32CubeIDE/plugins/com.st.stm32cube.ide.mcu.externaltools.gnu-tools-for-stm32.12.3.rel1.win32_1.0.100.202403111256/tools/bin/../lib/gcc/arm-none-eabi/12.3.1/../../../../arm-none-eabi/lib/thumb/v7e-m+fp/hard\libc_nano.a(libc_a-impure.o)
 .ARM.attributes
                0x000005f3       0x34 C:/ST/STM32CubeIDE_1.15.1/STM32CubeIDE/plugins/com.st.stm32cube.ide.mcu.externaltools.gnu-tools-for-stm32.12.3.rel1.win32_1.0.100.202403111256/tools/bin/../lib/gcc/arm-none-eabi/12.3.1/../../../../arm-none-eabi/lib/thumb/v7e-m+fp/hard\libc_nano.a(libc_a-errno.o)
 .ARM.attributes
                0x00000627       0x34 C:/ST/STM32CubeIDE_1.15.1/STM32CubeIDE/plugins/com.st.stm32cube.ide.mcu.externaltools.gnu-tools-for-stm32.12.3.rel1.win32_1.0.100.202403111256/tools/bin/../lib/gcc/arm-none-eabi/12.3.1/../../../../arm-none-eabi/lib/thumb/v7e-m+fp/hard\libc_nano.a(libc_a-init.o)
 .ARM.attributes
                0x0000065b       0x34 C:/ST/STM32CubeIDE_1.15.1/STM32CubeIDE/plugins/com.st.stm32cube.ide.mcu.externaltools.gnu-tools-for-stm32.12.3.rel1.win32_1.0.100.202403111256/tools/bin/../lib/gcc/arm-none-eabi/12.3.1/../../../../arm-none-eabi/lib/thumb/v7e-m+fp/hard\libc_nano.a(libc_a-lock.o)
 .ARM.attributes
                0x0000068f       0x34 C:/ST/STM32CubeIDE_1.15.1/STM32CubeIDE/plugins/com.st.stm32cube.ide.mcu.externaltools.gnu-tools-for-stm32.12.3.rel1.win32_1.0.100.202403111256/tools/bin/../lib/gcc/arm-none-eabi/12.3.1/../../../../arm-none-eabi/lib/thumb/v7e-m+fp/hard\libc_nano.a(libc_a-freer.o)
 .ARM.attributes
                0x000006c3       0x34 C:/ST/STM32CubeIDE_1.15.1/STM32CubeIDE/plugins/com.st.stm32cube.ide.mcu.externaltools.gnu-tools-for-stm32.12.3.rel1.win32_1.0.100.202403111256/tools/bin/../lib/gcc/arm-none-eabi/12.3.1/../../../../arm-none-eabi/lib/thumb/v7e-m+fp/hard\libc_nano.a(libc_a-mallocr.o)
 .ARM.attributes
                0x000006f7       0x34 C:/ST/STM32CubeIDE_1.15.1/STM32CubeIDE/plugins/com.st.stm32cube.ide.mcu.externaltools.gnu-tools-for-stm32.12.3.rel1.win32_1.0.100.202403111256/tools/bin/../lib/gcc/arm-none-eabi/12.3.1/../../../../arm-none-eabi/lib/thumb/v7e-m+fp/hard\libc_nano.a(libc_a-mlock.o)
 .ARM.attributes
                0x0000072b       0x34 C:/ST/STM32CubeIDE_1.15.1/STM32CubeIDE/plugins/com.st.stm32cube.ide.mcu.externaltools.gnu-tools-for-stm32.12.3.rel1.win32_1.0.100.202403111256/tools/bin/../lib/gcc/arm-none-eabi/12.3.1/../../../../arm-none-eabi/lib/thumb/v7e-m+fp/hard\libc_nano.a(libc_a-nano-svfprintf.o)
 .ARM.attributes
                0x0000075f       0x34 C:/ST/STM32CubeIDE_1.15.1/STM32CubeIDE/plugins/com.st.stm32cube.ide.mcu.externaltools.gnu-tools-for-stm32.12.3.rel1.win32_1.0.100.202403111256/tools/bin/../lib/gcc/arm-none-eabi/12.3.1/../../../../arm-none-eabi/lib/thumb/v7e-m+fp/hard\libc_nano.a(libc_a-nano-vfprintf_i.o)
 .ARM.attributes
                0x00000793       0x34 C:/ST/STM32CubeIDE_1.15.1/STM32CubeIDE/plugins/com.st.stm32cube.ide.mcu.externaltools.gnu-tools-for-stm32.12.3.rel1.win32_1.0.100.202403111256/tools/bin/../lib/gcc/arm-none-eabi/12.3.1/../../../../arm-none-eabi/lib/thumb/v7e-m+fp/hard\libc_nano.a(libc_a-memmove.o)
 .ARM.attributes
                0x000007c7       0x34 C:/ST/STM32CubeIDE_1.15.1/STM32CubeIDE/plugins/com.st.stm32cube.ide.mcu.externaltools.gnu-tools-for-stm32.12.3.rel1.win32_1.0.100.202403111256/tools/bin/../lib/gcc/arm-none-eabi/12.3.1/../../../../arm-none-eabi/lib/thumb/v7e-m+fp/hard\libc_nano.a(libc_a-sbrkr.o)
 .ARM.attributes
                0x000007fb       0x1c C:/ST/STM32CubeIDE_1.15.1/STM32CubeIDE/plugins/com.st.stm32cube.ide.mcu.externaltools.gnu-tools-for-stm32.12.3.rel1.win32_1.0.100.202403111256/tools/bin/../lib/gcc/arm-none-eabi/12.3.1/../../../../arm-none-eabi/lib/thumb/v7e-m+fp/hard\libc_nano.a(libc_a-memchr.o)
 .ARM.attributes
                0x00000817       0x34 C:/ST/STM32CubeIDE_1.15.1/STM32CubeIDE/plugins/com.st.stm32cube.ide.mcu.externaltools.gnu-tools-for-stm32.12.3.rel1.win32_1.0.100.202403111256/tools/bin/../lib/gcc/arm-none-eabi/12.3.1/../../../../arm-none-eabi/lib/thumb/v7e-m+fp/hard\libc_nano.a(libc_a-memcpy-stub.o)
 .ARM.attributes
                0x0000084b       0x34 C:/ST/STM32CubeIDE_1.15.1/STM32CubeIDE/plugins/com.st.stm32cube.ide.mcu.externaltools.gnu-tools-for-stm32.12.3.rel1.win32_1.0.100.202403111256/tools/bin/../lib/gcc/arm-none-eabi/12.3.1/../../../../arm-none-eabi/lib/thumb/v7e-m+fp/hard\libc_nano.a(libc_a-reallocr.o)
 .ARM.attributes
                0x0000087f       0x34 C:/ST/STM32CubeIDE_1.15.1/STM32CubeIDE/plugins/com.st.stm32cube.ide.mcu.externaltools.gnu-tools-for-stm32.12.3.rel1.win32_1.0.100.202403111256/tools/bin/../lib/gcc/arm-none-eabi/12.3.1/../../../../arm-none-eabi/lib/thumb/v7e-m+fp/hard\libc_nano.a(libc_a-msizer.o)
 .ARM.attributes
                0x000008b3       0x22 C:/ST/STM32CubeIDE_1.15.1/STM32CubeIDE/plugins/com.st.stm32cube.ide.mcu.externaltools.gnu-tools-for-stm32.12.3.rel1.win32_1.0.100.202403111256/tools/bin/../lib/gcc/arm-none-eabi/12.3.1/thumb/v7e-m+fp/hard\libgcc.a(_arm_muldf3.o)
 .ARM.attributes
                0x000008d5       0x22 C:/ST/STM32CubeIDE_1.15.1/STM32CubeIDE/plugins/com.st.stm32cube.ide.mcu.externaltools.gnu-tools-for-stm32.12.3.rel1.win32_1.0.100.202403111256/tools/bin/../lib/gcc/arm-none-eabi/12.3.1/thumb/v7e-m+fp/hard\libgcc.a(_arm_addsubdf3.o)
 .ARM.attributes
                0x000008f7       0x22 C:/ST/STM32CubeIDE_1.15.1/STM32CubeIDE/plugins/com.st.stm32cube.ide.mcu.externaltools.gnu-tools-for-stm32.12.3.rel1.win32_1.0.100.202403111256/tools/bin/../lib/gcc/arm-none-eabi/12.3.1/thumb/v7e-m+fp/hard\libgcc.a(_arm_truncdfsf2.o)
 .ARM.attributes
                0x00000919       0x22 C:/ST/STM32CubeIDE_1.15.1/STM32CubeIDE/plugins/com.st.stm32cube.ide.mcu.externaltools.gnu-tools-for-stm32.12.3.rel1.win32_1.0.100.202403111256/tools/bin/../lib/gcc/arm-none-eabi/12.3.1/thumb/v7e-m+fp/hard\libgcc.a(_aeabi_uldivmod.o)
 .ARM.attributes
                0x0000093b       0x34 C:/ST/STM32CubeIDE_1.15.1/STM32CubeIDE/plugins/com.st.stm32cube.ide.mcu.externaltools.gnu-tools-for-stm32.12.3.rel1.win32_1.0.100.202403111256/tools/bin/../lib/gcc/arm-none-eabi/12.3.1/thumb/v7e-m+fp/hard\libgcc.a(_udivmoddi4.o)
 .ARM.attributes
                0x0000096f       0x22 C:/ST/STM32CubeIDE_1.15.1/STM32CubeIDE/plugins/com.st.stm32cube.ide.mcu.externaltools.gnu-tools-for-stm32.12.3.rel1.win32_1.0.100.202403111256/tools/bin/../lib/gcc/arm-none-eabi/12.3.1/thumb/v7e-m+fp/hard\libgcc.a(_dvmd_tls.o)
 .ARM.attributes
                0x00000991       0x22 C:/ST/STM32CubeIDE_1.15.1/STM32CubeIDE/plugins/com.st.stm32cube.ide.mcu.externaltools.gnu-tools-for-stm32.12.3.rel1.win32_1.0.100.202403111256/tools/bin/../lib/gcc/arm-none-eabi/12.3.1/thumb/v7e-m+fp/hard/crtn.o
OUTPUT(Mario_Game.elf elf32-littlearm)
LOAD linker stubs
LOAD C:/ST/STM32CubeIDE_1.15.1/STM32CubeIDE/plugins/com.st.stm32cube.ide.mcu.externaltools.gnu-tools-for-stm32.12.3.rel1.win32_1.0.100.202403111256/tools/bin/../lib/gcc/arm-none-eabi/12.3.1/../../../../arm-none-eabi/lib/thumb/v7e-m+fp/hard\libc.a
LOAD C:/ST/STM32CubeIDE_1.15.1/STM32CubeIDE/plugins/com.st.stm32cube.ide.mcu.externaltools.gnu-tools-for-stm32.12.3.rel1.win32_1.0.100.202403111256/tools/bin/../lib/gcc/arm-none-eabi/12.3.1/../../../../arm-none-eabi/lib/thumb/v7e-m+fp/hard\libm.a
LOAD C:/ST/STM32CubeIDE_1.15.1/STM32CubeIDE/plugins/com.st.stm32cube.ide.mcu.externaltools.gnu-tools-for-stm32.12.3.rel1.win32_1.0.100.202403111256/tools/bin/../lib/gcc/arm-none-eabi/12.3.1/thumb/v7e-m+fp/hard\libgcc.a

.debug_info     0x00000000    0x14694
 .debug_info    0x00000000      0x19a ./Core/Src/fonts.o
 .debug_info    0x0000019a      0xe2b ./Core/Src/ili9341.o
 .debug_info    0x00000fc5     0x29f8 ./Core/Src/main.o
 .debug_info    0x000039bd     0x12ad ./Core/Src/stm32f4xx_hal_msp.o
 .debug_info    0x00004c6a      0x6da ./Core/Src/stm32f4xx_it.o
 .debug_info    0x00005344      0x168 ./Core/Src/sysmem.o
 .debug_info    0x000054ac      0x53e ./Core/Src/system_stm32f4xx.o
 .debug_info    0x000059ea       0x30 ./Core/Startup/startup_stm32f411ceux.o
 .debug_info    0x00005a1a      0x8c4 ./Drivers/STM32F4xx_HAL_Driver/Src/stm32f4xx_hal.o
 .debug_info    0x000062de      0xcfc ./Drivers/STM32F4xx_HAL_Driver/Src/stm32f4xx_hal_cortex.o
 .debug_info    0x00006fda      0x6f9 ./Drivers/STM32F4xx_HAL_Driver/Src/stm32f4xx_hal_gpio.o
 .debug_info    0x000076d3      0x904 ./Drivers/STM32F4xx_HAL_Driver/Src/stm32f4xx_hal_rcc.o
 .debug_info    0x00007fd7     0x1530 ./Drivers/STM32F4xx_HAL_Driver/Src/stm32f4xx_hal_spi.o
 .debug_info    0x00009507     0x2996 ./Drivers/STM32F4xx_HAL_Driver/Src/stm32f4xx_hal_tim.o
 .debug_info    0x0000be9d     0x14d4 ./Drivers/STM32F4xx_HAL_Driver/Src/stm32f4xx_hal_tim_ex.o
 .debug_info    0x0000d371     0x2f56 ./Drivers/STM32F4xx_HAL_Driver/Src/stm32f4xx_hal_uart.o
 .debug_info    0x000102c7      0x4fb ./FATFS/App/fatfs.o
 .debug_info    0x000107c2      0x3aa ./FATFS/Target/user_diskio.o
 .debug_info    0x00010b6c      0xc2e ./FATFS/Target/user_diskio_spi.o
 .debug_info    0x0001179a      0x3df ./Middlewares/Third_Party/FatFs/src/diskio.o
 .debug_info    0x00011b79     0x25e3 ./Middlewares/Third_Party/FatFs/src/ff.o
 .debug_info    0x0001415c      0x37f ./Middlewares/Third_Party/FatFs/src/ff_gen_drv.o
 .debug_info    0x000144db      0x1b9 ./Middlewares/Third_Party/FatFs/src/option/ccsbcs.o

.debug_abbrev   0x00000000     0x2ed2
 .debug_abbrev  0x00000000       0xb3 ./Core/Src/fonts.o
 .debug_abbrev  0x000000b3      0x2b2 ./Core/Src/ili9341.o
 .debug_abbrev  0x00000365      0x493 ./Core/Src/main.o
 .debug_abbrev  0x000007f8      0x255 ./Core/Src/stm32f4xx_hal_msp.o
 .debug_abbrev  0x00000a4d      0x1a5 ./Core/Src/stm32f4xx_it.o
 .debug_abbrev  0x00000bf2       0xbc ./Core/Src/sysmem.o
 .debug_abbrev  0x00000cae      0x11a ./Core/Src/system_stm32f4xx.o
 .debug_abbrev  0x00000dc8       0x24 ./Core/Startup/startup_stm32f411ceux.o
 .debug_abbrev  0x00000dec      0x24b ./Drivers/STM32F4xx_HAL_Driver/Src/stm32f4xx_hal.o
 .debug_abbrev  0x00001037      0x31d ./Drivers/STM32F4xx_HAL_Driver/Src/stm32f4xx_hal_cortex.o
 .debug_abbrev  0x00001354      0x1d3 ./Drivers/STM32F4xx_HAL_Driver/Src/stm32f4xx_hal_gpio.o
 .debug_abbrev  0x00001527      0x2b6 ./Drivers/STM32F4xx_HAL_Driver/Src/stm32f4xx_hal_rcc.o
 .debug_abbrev  0x000017dd      0x276 ./Drivers/STM32F4xx_HAL_Driver/Src/stm32f4xx_hal_spi.o
 .debug_abbrev  0x00001a53      0x28b ./Drivers/STM32F4xx_HAL_Driver/Src/stm32f4xx_hal_tim.o
 .debug_abbrev  0x00001cde      0x296 ./Drivers/STM32F4xx_HAL_Driver/Src/stm32f4xx_hal_tim_ex.o
 .debug_abbrev  0x00001f74      0x31b ./Drivers/STM32F4xx_HAL_Driver/Src/stm32f4xx_hal_uart.o
 .debug_abbrev  0x0000228f      0x15e ./FATFS/App/fatfs.o
 .debug_abbrev  0x000023ed      0x143 ./FATFS/Target/user_diskio.o
 .debug_abbrev  0x00002530      0x31a ./FATFS/Target/user_diskio_spi.o
 .debug_abbrev  0x0000284a      0x181 ./Middlewares/Third_Party/FatFs/src/diskio.o
 .debug_abbrev  0x000029cb      0x28a ./Middlewares/Third_Party/FatFs/src/ff.o
 .debug_abbrev  0x00002c55      0x19f ./Middlewares/Third_Party/FatFs/src/ff_gen_drv.o
 .debug_abbrev  0x00002df4       0xde ./Middlewares/Third_Party/FatFs/src/option/ccsbcs.o

.debug_aranges  0x00000000     0x12b0
 .debug_aranges
                0x00000000       0x18 ./Core/Src/fonts.o
 .debug_aranges
                0x00000018       0x90 ./Core/Src/ili9341.o
 .debug_aranges
                0x000000a8       0xd8 ./Core/Src/main.o
 .debug_aranges
                0x00000180       0x68 ./Core/Src/stm32f4xx_hal_msp.o
 .debug_aranges
                0x000001e8       0x68 ./Core/Src/stm32f4xx_it.o
 .debug_aranges
                0x00000250       0x20 ./Core/Src/sysmem.o
 .debug_aranges
                0x00000270       0x28 ./Core/Src/system_stm32f4xx.o
 .debug_aranges
                0x00000298       0x28 ./Core/Startup/startup_stm32f411ceux.o
 .debug_aranges
                0x000002c0       0xf0 ./Drivers/STM32F4xx_HAL_Driver/Src/stm32f4xx_hal.o
 .debug_aranges
                0x000003b0      0x130 ./Drivers/STM32F4xx_HAL_Driver/Src/stm32f4xx_hal_cortex.o
 .debug_aranges
                0x000004e0       0x58 ./Drivers/STM32F4xx_HAL_Driver/Src/stm32f4xx_hal_gpio.o
 .debug_aranges
                0x00000538       0x88 ./Drivers/STM32F4xx_HAL_Driver/Src/stm32f4xx_hal_rcc.o
 .debug_aranges
                0x000005c0      0x1d0 ./Drivers/STM32F4xx_HAL_Driver/Src/stm32f4xx_hal_spi.o
 .debug_aranges
                0x00000790      0x3d0 ./Drivers/STM32F4xx_HAL_Driver/Src/stm32f4xx_hal_tim.o
 .debug_aranges
                0x00000b60      0x168 ./Drivers/STM32F4xx_HAL_Driver/Src/stm32f4xx_hal_tim_ex.o
 .debug_aranges
                0x00000cc8      0x208 ./Drivers/STM32F4xx_HAL_Driver/Src/stm32f4xx_hal_uart.o
 .debug_aranges
                0x00000ed0       0x28 ./FATFS/App/fatfs.o
 .debug_aranges
                0x00000ef8       0x40 ./FATFS/Target/user_diskio.o
 .debug_aranges
                0x00000f38       0x98 ./FATFS/Target/user_diskio_spi.o
 .debug_aranges
                0x00000fd0       0x48 ./Middlewares/Third_Party/FatFs/src/diskio.o
 .debug_aranges
                0x00001018      0x230 ./Middlewares/Third_Party/FatFs/src/ff.o
 .debug_aranges
                0x00001248       0x40 ./Middlewares/Third_Party/FatFs/src/ff_gen_drv.o
 .debug_aranges
                0x00001288       0x28 ./Middlewares/Third_Party/FatFs/src/option/ccsbcs.o

.debug_macro    0x00000000    0x18a10
 .debug_macro   0x00000000       0x6d ./Core/Src/fonts.o
 .debug_macro   0x0000006d      0xab4 ./Core/Src/fonts.o
 .debug_macro   0x00000b21       0x22 ./Core/Src/fonts.o
 .debug_macro   0x00000b43       0x8e ./Core/Src/fonts.o
 .debug_macro   0x00000bd1       0x51 ./Core/Src/fonts.o
 .debug_macro   0x00000c22      0x103 ./Core/Src/fonts.o
 .debug_macro   0x00000d25       0x6a ./Core/Src/fonts.o
 .debug_macro   0x00000d8f      0x1df ./Core/Src/fonts.o
 .debug_macro   0x00000f6e      0x203 ./Core/Src/ili9341.o
 .debug_macro   0x00001171      0x2a1 ./Core/Src/ili9341.o
 .debug_macro   0x00001412       0x2e ./Core/Src/ili9341.o
 .debug_macro   0x00001440       0x28 ./Core/Src/ili9341.o
 .debug_macro   0x00001468       0x1c ./Core/Src/ili9341.o
 .debug_macro   0x00001484       0x22 ./Core/Src/ili9341.o
 .debug_macro   0x000014a6       0xfb ./Core/Src/ili9341.o
 .debug_macro   0x000015a1     0x1011 ./Core/Src/ili9341.o
 .debug_macro   0x000025b2      0x11f ./Core/Src/ili9341.o
 .debug_macro   0x000026d1     0xb968 ./Core/Src/ili9341.o
 .debug_macro   0x0000e039       0x6d ./Core/Src/ili9341.o
 .debug_macro   0x0000e0a6     0x3693 ./Core/Src/ili9341.o
 .debug_macro   0x00011739      0x189 ./Core/Src/ili9341.o
 .debug_macro   0x000118c2       0x5c ./Core/Src/ili9341.o
 .debug_macro   0x0001191e      0x45c ./Core/Src/ili9341.o
 .debug_macro   0x00011d7a      0x9e9 ./Core/Src/ili9341.o
 .debug_macro   0x00012763      0x115 ./Core/Src/ili9341.o
 .debug_macro   0x00012878      0x11b ./Core/Src/ili9341.o
 .debug_macro   0x00012993       0xa5 ./Core/Src/ili9341.o
 .debug_macro   0x00012a38      0x15f ./Core/Src/ili9341.o
 .debug_macro   0x00012b97      0x287 ./Core/Src/ili9341.o
 .debug_macro   0x00012e1e       0x5f ./Core/Src/ili9341.o
 .debug_macro   0x00012e7d      0x236 ./Core/Src/ili9341.o
 .debug_macro   0x000130b3      0x132 ./Core/Src/ili9341.o
 .debug_macro   0x000131e5      0x264 ./Core/Src/ili9341.o
 .debug_macro   0x00013449       0x2e ./Core/Src/ili9341.o
 .debug_macro   0x00013477      0x127 ./Core/Src/ili9341.o
 .debug_macro   0x0001359e       0x85 ./Core/Src/ili9341.o
 .debug_macro   0x00013623       0x89 ./Core/Src/ili9341.o
 .debug_macro   0x000136ac      0x225 ./Core/Src/ili9341.o
 .debug_macro   0x000138d1      0x8ed ./Core/Src/ili9341.o
 .debug_macro   0x000141be       0x47 ./Core/Src/ili9341.o
 .debug_macro   0x00014205      0x2aa ./Core/Src/ili9341.o
 .debug_macro   0x000144af      0x126 ./Core/Src/ili9341.o
 .debug_macro   0x000145d5       0xa0 ./Core/Src/ili9341.o
 .debug_macro   0x00014675       0x22 ./Core/Src/ili9341.o
 .debug_macro   0x00014697       0xa0 ./Core/Src/ili9341.o
 .debug_macro   0x00014737      0x352 ./Core/Src/main.o
 .debug_macro   0x00014a89       0x9a ./Core/Src/main.o
 .debug_macro   0x00014b23       0xeb ./Core/Src/main.o
 .debug_macro   0x00014c0e       0x2a ./Core/Src/main.o
 .debug_macro   0x00014c38       0x61 ./Core/Src/main.o
 .debug_macro   0x00014c99       0x43 ./Core/Src/main.o
 .debug_macro   0x00014cdc       0x34 ./Core/Src/main.o
 .debug_macro   0x00014d10       0x16 ./Core/Src/main.o
 .debug_macro   0x00014d26       0x35 ./Core/Src/main.o
 .debug_macro   0x00014d5b       0x16 ./Core/Src/main.o
 .debug_macro   0x00014d71       0x43 ./Core/Src/main.o
 .debug_macro   0x00014db4       0x34 ./Core/Src/main.o
 .debug_macro   0x00014de8       0x10 ./Core/Src/main.o
 .debug_macro   0x00014df8       0x58 ./Core/Src/main.o
 .debug_macro   0x00014e50       0x8e ./Core/Src/main.o
 .debug_macro   0x00014ede       0x1c ./Core/Src/main.o
 .debug_macro   0x00014efa      0x177 ./Core/Src/main.o
 .debug_macro   0x00015071      0x369 ./Core/Src/main.o
 .debug_macro   0x000153da       0x16 ./Core/Src/main.o
 .debug_macro   0x000153f0       0x29 ./Core/Src/main.o
 .debug_macro   0x00015419       0x12 ./Core/Src/main.o
 .debug_macro   0x0001542b       0xe2 ./Core/Src/main.o
 .debug_macro   0x0001550d       0x8e ./Core/Src/main.o
 .debug_macro   0x0001559b      0x1e7 ./Core/Src/stm32f4xx_hal_msp.o
 .debug_macro   0x00015782      0x1f1 ./Core/Src/stm32f4xx_it.o
 .debug_macro   0x00015973       0xff ./Core/Src/sysmem.o
 .debug_macro   0x00015a72      0x23c ./Core/Src/sysmem.o
 .debug_macro   0x00015cae      0x1d8 ./Core/Src/system_stm32f4xx.o
 .debug_macro   0x00015e86      0x238 ./Drivers/STM32F4xx_HAL_Driver/Src/stm32f4xx_hal.o
 .debug_macro   0x000160be      0x1d8 ./Drivers/STM32F4xx_HAL_Driver/Src/stm32f4xx_hal_cortex.o
 .debug_macro   0x00016296      0x1de ./Drivers/STM32F4xx_HAL_Driver/Src/stm32f4xx_hal_gpio.o
 .debug_macro   0x00016474      0x1fc ./Drivers/STM32F4xx_HAL_Driver/Src/stm32f4xx_hal_rcc.o
 .debug_macro   0x00016670      0x1e7 ./Drivers/STM32F4xx_HAL_Driver/Src/stm32f4xx_hal_spi.o
 .debug_macro   0x00016857      0x1d9 ./Drivers/STM32F4xx_HAL_Driver/Src/stm32f4xx_hal_tim.o
 .debug_macro   0x00016a30      0x1d8 ./Drivers/STM32F4xx_HAL_Driver/Src/stm32f4xx_hal_tim_ex.o
 .debug_macro   0x00016c08      0x1d9 ./Drivers/STM32F4xx_HAL_Driver/Src/stm32f4xx_hal_uart.o
 .debug_macro   0x00016de1      0x30c ./FATFS/App/fatfs.o
 .debug_macro   0x000170ed       0xe5 ./FATFS/App/fatfs.o
 .debug_macro   0x000171d2      0x33b ./FATFS/Target/user_diskio.o
 .debug_macro   0x0001750d       0x10 ./FATFS/Target/user_diskio.o
 .debug_macro   0x0001751d       0x20 ./FATFS/Target/user_diskio.o
 .debug_macro   0x0001753d       0x16 ./FATFS/Target/user_diskio.o
 .debug_macro   0x00017553       0x7c ./FATFS/Target/user_diskio.o
 .debug_macro   0x000175cf       0x56 ./FATFS/Target/user_diskio.o
 .debug_macro   0x00017625      0x3b3 ./FATFS/Target/user_diskio_spi.o
 .debug_macro   0x000179d8      0x2f9 ./Middlewares/Third_Party/FatFs/src/diskio.o
 .debug_macro   0x00017cd1      0x707 ./Middlewares/Third_Party/FatFs/src/ff.o
 .debug_macro   0x000183d8       0x58 ./Middlewares/Third_Party/FatFs/src/ff.o
 .debug_macro   0x00018430      0x2f9 ./Middlewares/Third_Party/FatFs/src/ff_gen_drv.o
 .debug_macro   0x00018729      0x2e7 ./Middlewares/Third_Party/FatFs/src/option/ccsbcs.o

.debug_line     0x00000000    0x18db5
 .debug_line    0x00000000      0x412 ./Core/Src/fonts.o
 .debug_line    0x00000412      0xbae ./Core/Src/ili9341.o
 .debug_line    0x00000fc0     0x1a22 ./Core/Src/main.o
 .debug_line    0x000029e2      0x8d4 ./Core/Src/stm32f4xx_hal_msp.o
 .debug_line    0x000032b6      0x840 ./Core/Src/stm32f4xx_it.o
 .debug_line    0x00003af6      0x583 ./Core/Src/sysmem.o
 .debug_line    0x00004079      0x7db ./Core/Src/system_stm32f4xx.o
 .debug_line    0x00004854       0x7a ./Core/Startup/startup_stm32f411ceux.o
 .debug_line    0x000048ce      0xa53 ./Drivers/STM32F4xx_HAL_Driver/Src/stm32f4xx_hal.o
 .debug_line    0x00005321      0xd45 ./Drivers/STM32F4xx_HAL_Driver/Src/stm32f4xx_hal_cortex.o
 .debug_line    0x00006066      0xba3 ./Drivers/STM32F4xx_HAL_Driver/Src/stm32f4xx_hal_gpio.o
 .debug_line    0x00006c09      0xddc ./Drivers/STM32F4xx_HAL_Driver/Src/stm32f4xx_hal_rcc.o
 .debug_line    0x000079e5     0x1d77 ./Drivers/STM32F4xx_HAL_Driver/Src/stm32f4xx_hal_spi.o
 .debug_line    0x0000975c     0x35c9 ./Drivers/STM32F4xx_HAL_Driver/Src/stm32f4xx_hal_tim.o
 .debug_line    0x0000cd25     0x19e4 ./Drivers/STM32F4xx_HAL_Driver/Src/stm32f4xx_hal_tim_ex.o
 .debug_line    0x0000e709     0x2956 ./Drivers/STM32F4xx_HAL_Driver/Src/stm32f4xx_hal_uart.o
 .debug_line    0x0001105f      0x956 ./FATFS/App/fatfs.o
 .debug_line    0x000119b5      0x9c1 ./FATFS/Target/user_diskio.o
 .debug_line    0x00012376     0x1012 ./FATFS/Target/user_diskio_spi.o
 .debug_line    0x00013388      0x9c8 ./Middlewares/Third_Party/FatFs/src/diskio.o
 .debug_line    0x00013d50     0x3c5d ./Middlewares/Third_Party/FatFs/src/ff.o
 .debug_line    0x000179ad      0x9e3 ./Middlewares/Third_Party/FatFs/src/ff_gen_drv.o
 .debug_line    0x00018390      0xa25 ./Middlewares/Third_Party/FatFs/src/option/ccsbcs.o

.debug_str      0x00000000    0x924ae
 .debug_str     0x00000000     0x3c0a ./Core/Src/fonts.o
                               0x3d87 (size before relaxing)
 .debug_str     0x00003c0a    0x85209 ./Core/Src/ili9341.o
                              0x890cc (size before relaxing)
 .debug_str     0x00088e13     0x4906 ./Core/Src/main.o
                              0x8da24 (size before relaxing)
 .debug_str     0x0008d719      0x4b2 ./Core/Src/stm32f4xx_hal_msp.o
                              0x89605 (size before relaxing)
 .debug_str     0x0008dbcb       0xec ./Core/Src/stm32f4xx_it.o
                              0x88cda (size before relaxing)
 .debug_str     0x0008dcb7      0x4dc ./Core/Src/sysmem.o
                               0x60bb (size before relaxing)
 .debug_str     0x0008e193       0xdb ./Core/Src/system_stm32f4xx.o
                              0x88674 (size before relaxing)
 .debug_str     0x0008e26e       0x44 ./Core/Startup/startup_stm32f411ceux.o
                                 0x6e (size before relaxing)
 .debug_str     0x0008e2b2      0x5f7 ./Drivers/STM32F4xx_HAL_Driver/Src/stm32f4xx_hal.o
                              0x890a0 (size before relaxing)
 .debug_str     0x0008e8a9      0x36b ./Drivers/STM32F4xx_HAL_Driver/Src/stm32f4xx_hal_cortex.o
                              0x88e0a (size before relaxing)
 .debug_str     0x0008ec14      0x10b ./Drivers/STM32F4xx_HAL_Driver/Src/stm32f4xx_hal_gpio.o
                              0x887ef (size before relaxing)
 .debug_str     0x0008ed1f      0x233 ./Drivers/STM32F4xx_HAL_Driver/Src/stm32f4xx_hal_rcc.o
                              0x88aa8 (size before relaxing)
 .debug_str     0x0008ef52      0x577 ./Drivers/STM32F4xx_HAL_Driver/Src/stm32f4xx_hal_spi.o
                              0x88f20 (size before relaxing)
 .debug_str     0x0008f4c9      0xd40 ./Drivers/STM32F4xx_HAL_Driver/Src/stm32f4xx_hal_tim.o
                              0x899ec (size before relaxing)
 .debug_str     0x00090209      0x493 ./Drivers/STM32F4xx_HAL_Driver/Src/stm32f4xx_hal_tim_ex.o
                              0x891f8 (size before relaxing)
 .debug_str     0x0009069c      0x619 ./Drivers/STM32F4xx_HAL_Driver/Src/stm32f4xx_hal_uart.o
                              0x89077 (size before relaxing)
 .debug_str     0x00090cb5       0xf1 ./FATFS/App/fatfs.o
                              0x8c099 (size before relaxing)