../Core/Src/ili9341.c:5:13:ILI9341_Select	8	static
../Core/Src/ili9341.c:9:6:ILI9341_Unselect	8	static
../Core/Src/ili9341.c:13:13:ILI9341_Reset	8	static
../Core/Src/ili9341.c:19:13:ILI9341_WriteCommand	16	static
../Core/Src/ili9341.c:25:13:ILI9341_WriteData	24	static
../Core/Src/ili9341.c:55:13:ILI9341_WriteData_with_endian	64	dynamic
../Core/Src/ili9341.c:81:13:ILI9341_SetAddressWindow	32	static
../Core/Src/ili9341.c:100:6:ILI9341_Init	120	static
../Core/Src/ili9341.c:255:6:ILI9341_DrawPixel	24	static
../Core/Src/ili9341.c:268:13:ILI9341_WriteChar	40	static
../Core/Src/ili9341.c:287:6:ILI9341_WriteString	32	static
../Core/Src/ili9341.c:313:6:ILI9341_FillRectangle	32	static
../Core/Src/ili9341.c:333:6:ILI9341_FillScreen	24	static
../Core/Src/ili9341.c:337:6:ILI9341_DrawImage	24	static
../Core/Src/ili9341.c:350:6:ILI9341_InvertColors	16	static
