../Core/Src/main.c:184:6:HAL_TIM_PeriodElapsedCallback	32	static
../Core/Src/main.c:244:6:init	8	static
../Core/Src/main.c:251:6:turn_mario	40	static
../Core/Src/main.c:273:6:turn_enemy	40	static
../Core/Src/main.c:289:6:byte_order_switch	24	static
../Core/Src/main.c:299:6:collision_detection	40	static
../Core/Src/main.c:321:6:collision_detection_enemies	104	static
../Core/Src/main.c:417:6:standing_on	32	static
../Core/Src/main.c:442:6:isTouchingGround	56	static
../Core/Src/main.c:521:6:cleanMarioBackground	32	static
../Core/Src/main.c:553:6:WaitForButtonPress	16	static
../Core/Src/main.c:575:6:hard_reset_system	8	static
../Core/Src/main.c:597:6:draw_map_1	8232	static
../Core/Src/main.c:702:6:draw_bowser	104	static
../Core/Src/main.c:845:6:draw_goomba	24	static
../Core/Src/main.c:890:6:draw_mario_fireball	112	static
../Core/Src/main.c:972:6:drawScene	16	static
../Core/Src/main.c:979:6:reset_game_state	152	static
../Core/Src/main.c:1019:5:main	160	static
../Core/Src/main.c:1396:6:SystemClock_Config	88	static
../Core/Src/main.c:1443:13:MX_SPI1_Init	8	static
../Core/Src/main.c:1481:13:MX_SPI2_Init	8	static
../Core/Src/main.c:1519:13:MX_TIM3_Init	48	static
../Core/Src/main.c:1567:13:MX_TIM4_Init	48	static
../Core/Src/main.c:1616:13:MX_USART2_UART_Init	8	static
../Core/Src/main.c:1649:13:MX_GPIO_Init	40	static
../Core/Src/main.c:1728:6:Error_Handler	4	static,ignoring_inline_asm
