../Core/Src/main.c:177:6:HAL_TIM_PeriodElapsedCallback	32	static
../Core/Src/main.c:237:6:init	8	static
../Core/Src/main.c:244:6:turn_mario	40	static
../Core/Src/main.c:266:6:turn_enemy	40	static
../Core/Src/main.c:288:6:byte_order_switch	24	static
../Core/Src/main.c:298:6:collision_detection	56	static
../Core/Src/main.c:320:6:collision_detection_enemies	72	static
../Core/Src/main.c:378:6:standing_on	48	static
../Core/Src/main.c:403:6:isTouchingGround	56	static
../Core/Src/main.c:482:6:cleanMarioBackground	32	static
../Core/Src/main.c:514:6:WaitForButtonPress	16	static
../Core/Src/main.c:536:6:hard_reset_system	8	static
../Core/Src/main.c:558:6:draw_map_1	40	static
../Core/Src/main.c:625:6:draw_bowser	56	static
../Core/Src/main.c:642:6:drawScene	16	static
../Core/Src/main.c:674:5:main	152	static
../Core/Src/main.c:987:6:SystemClock_Config	88	static
../Core/Src/main.c:1034:13:MX_SPI1_Init	8	static
../Core/Src/main.c:1072:13:MX_SPI2_Init	8	static
../Core/Src/main.c:1110:13:MX_TIM3_Init	48	static
../Core/Src/main.c:1158:13:MX_TIM4_Init	48	static
../Core/Src/main.c:1207:13:MX_USART2_UART_Init	8	static
../Core/Src/main.c:1240:13:MX_GPIO_Init	40	static
../Core/Src/main.c:1313:6:Error_Handler	4	static,ignoring_inline_asm
