../Core/Src/main.c:178:6:HAL_TIM_PeriodElapsedCallback	32	static
../Core/Src/main.c:238:6:init	8	static
../Core/Src/main.c:245:6:turn_mario	40	static
../Core/Src/main.c:267:6:turn_enemy	40	static
../Core/Src/main.c:283:6:byte_order_switch	24	static
../Core/Src/main.c:293:6:collision_detection	56	static
../Core/Src/main.c:315:6:collision_detection_enemies	80	static
../Core/Src/main.c:383:6:standing_on	48	static
../Core/Src/main.c:408:6:isTouchingGround	56	static
../Core/Src/main.c:487:6:cleanMarioBackground	32	static
../Core/Src/main.c:519:6:WaitForButtonPress	16	static
../Core/Src/main.c:541:6:hard_reset_system	8	static
../Core/Src/main.c:563:6:draw_map_1	8232	static
../Core/Src/main.c:659:6:draw_bowser	64	static
../Core/Src/main.c:755:6:drawScene	16	static
../Core/Src/main.c:787:5:main	152	static
../Core/Src/main.c:1103:6:SystemClock_Config	88	static
../Core/Src/main.c:1150:13:MX_SPI1_Init	8	static
../Core/Src/main.c:1188:13:MX_SPI2_Init	8	static
../Core/Src/main.c:1226:13:MX_TIM3_Init	48	static
../Core/Src/main.c:1274:13:MX_TIM4_Init	48	static
../Core/Src/main.c:1323:13:MX_USART2_UART_Init	8	static
../Core/Src/main.c:1356:13:MX_GPIO_Init	40	static
../Core/Src/main.c:1429:6:Error_Handler	4	static,ignoring_inline_asm
